Archive member included to satisfy reference by file (symbol)

C:/ST/STM32CubeIDE_1.18.1/STM32CubeIDE/plugins/com.st.stm32cube.ide.mcu.externaltools.gnu-tools-for-stm32.13.3.rel1.win32_1.0.0.202411081344/tools/bin/../lib/gcc/arm-none-eabi/13.3.1/../../../../arm-none-eabi/lib/thumb/v7e-m+fp/hard\libc_nano.a(libc_a-exit.o)
                              C:/ST/STM32CubeIDE_1.18.1/STM32CubeIDE/plugins/com.st.stm32cube.ide.mcu.externaltools.gnu-tools-for-stm32.13.3.rel1.win32_1.0.0.202411081344/tools/bin/../lib/gcc/arm-none-eabi/13.3.1/../../../../arm-none-eabi/lib/thumb/v7e-m+fp/hard/crt0.o (exit)
C:/ST/STM32CubeIDE_1.18.1/STM32CubeIDE/plugins/com.st.stm32cube.ide.mcu.externaltools.gnu-tools-for-stm32.13.3.rel1.win32_1.0.0.202411081344/tools/bin/../lib/gcc/arm-none-eabi/13.3.1/../../../../arm-none-eabi/lib/thumb/v7e-m+fp/hard\libc_nano.a(libc_a-findfp.o)
                              C:/ST/STM32CubeIDE_1.18.1/STM32CubeIDE/plugins/com.st.stm32cube.ide.mcu.externaltools.gnu-tools-for-stm32.13.3.rel1.win32_1.0.0.202411081344/tools/bin/../lib/gcc/arm-none-eabi/13.3.1/../../../../arm-none-eabi/lib/thumb/v7e-m+fp/hard\libc_nano.a(libc_a-exit.o) (__stdio_exit_handler)
C:/ST/STM32CubeIDE_1.18.1/STM32CubeIDE/plugins/com.st.stm32cube.ide.mcu.externaltools.gnu-tools-for-stm32.13.3.rel1.win32_1.0.0.202411081344/tools/bin/../lib/gcc/arm-none-eabi/13.3.1/../../../../arm-none-eabi/lib/thumb/v7e-m+fp/hard\libc_nano.a(libc_a-fwalk.o)
                              C:/ST/STM32CubeIDE_1.18.1/STM32CubeIDE/plugins/com.st.stm32cube.ide.mcu.externaltools.gnu-tools-for-stm32.13.3.rel1.win32_1.0.0.202411081344/tools/bin/../lib/gcc/arm-none-eabi/13.3.1/../../../../arm-none-eabi/lib/thumb/v7e-m+fp/hard\libc_nano.a(libc_a-findfp.o) (_fwalk_sglue)
C:/ST/STM32CubeIDE_1.18.1/STM32CubeIDE/plugins/com.st.stm32cube.ide.mcu.externaltools.gnu-tools-for-stm32.13.3.rel1.win32_1.0.0.202411081344/tools/bin/../lib/gcc/arm-none-eabi/13.3.1/../../../../arm-none-eabi/lib/thumb/v7e-m+fp/hard\libc_nano.a(libc_a-stdio.o)
                              C:/ST/STM32CubeIDE_1.18.1/STM32CubeIDE/plugins/com.st.stm32cube.ide.mcu.externaltools.gnu-tools-for-stm32.13.3.rel1.win32_1.0.0.202411081344/tools/bin/../lib/gcc/arm-none-eabi/13.3.1/../../../../arm-none-eabi/lib/thumb/v7e-m+fp/hard\libc_nano.a(libc_a-findfp.o) (__sread)
C:/ST/STM32CubeIDE_1.18.1/STM32CubeIDE/plugins/com.st.stm32cube.ide.mcu.externaltools.gnu-tools-for-stm32.13.3.rel1.win32_1.0.0.202411081344/tools/bin/../lib/gcc/arm-none-eabi/13.3.1/../../../../arm-none-eabi/lib/thumb/v7e-m+fp/hard\libc_nano.a(libc_a-memset.o)
                              C:/ST/STM32CubeIDE_1.18.1/STM32CubeIDE/plugins/com.st.stm32cube.ide.mcu.externaltools.gnu-tools-for-stm32.13.3.rel1.win32_1.0.0.202411081344/tools/bin/../lib/gcc/arm-none-eabi/13.3.1/../../../../arm-none-eabi/lib/thumb/v7e-m+fp/hard/crt0.o (memset)
C:/ST/STM32CubeIDE_1.18.1/STM32CubeIDE/plugins/com.st.stm32cube.ide.mcu.externaltools.gnu-tools-for-stm32.13.3.rel1.win32_1.0.0.202411081344/tools/bin/../lib/gcc/arm-none-eabi/13.3.1/../../../../arm-none-eabi/lib/thumb/v7e-m+fp/hard\libc_nano.a(libc_a-closer.o)
                              C:/ST/STM32CubeIDE_1.18.1/STM32CubeIDE/plugins/com.st.stm32cube.ide.mcu.externaltools.gnu-tools-for-stm32.13.3.rel1.win32_1.0.0.202411081344/tools/bin/../lib/gcc/arm-none-eabi/13.3.1/../../../../arm-none-eabi/lib/thumb/v7e-m+fp/hard\libc_nano.a(libc_a-stdio.o) (_close_r)
C:/ST/STM32CubeIDE_1.18.1/STM32CubeIDE/plugins/com.st.stm32cube.ide.mcu.externaltools.gnu-tools-for-stm32.13.3.rel1.win32_1.0.0.202411081344/tools/bin/../lib/gcc/arm-none-eabi/13.3.1/../../../../arm-none-eabi/lib/thumb/v7e-m+fp/hard\libc_nano.a(libc_a-reent.o)
                              C:/ST/STM32CubeIDE_1.18.1/STM32CubeIDE/plugins/com.st.stm32cube.ide.mcu.externaltools.gnu-tools-for-stm32.13.3.rel1.win32_1.0.0.202411081344/tools/bin/../lib/gcc/arm-none-eabi/13.3.1/../../../../arm-none-eabi/lib/thumb/v7e-m+fp/hard\libc_nano.a(libc_a-closer.o) (errno)
C:/ST/STM32CubeIDE_1.18.1/STM32CubeIDE/plugins/com.st.stm32cube.ide.mcu.externaltools.gnu-tools-for-stm32.13.3.rel1.win32_1.0.0.202411081344/tools/bin/../lib/gcc/arm-none-eabi/13.3.1/../../../../arm-none-eabi/lib/thumb/v7e-m+fp/hard\libc_nano.a(libc_a-impure.o)
                              C:/ST/STM32CubeIDE_1.18.1/STM32CubeIDE/plugins/com.st.stm32cube.ide.mcu.externaltools.gnu-tools-for-stm32.13.3.rel1.win32_1.0.0.202411081344/tools/bin/../lib/gcc/arm-none-eabi/13.3.1/../../../../arm-none-eabi/lib/thumb/v7e-m+fp/hard\libc_nano.a(libc_a-reent.o) (_impure_ptr)
C:/ST/STM32CubeIDE_1.18.1/STM32CubeIDE/plugins/com.st.stm32cube.ide.mcu.externaltools.gnu-tools-for-stm32.13.3.rel1.win32_1.0.0.202411081344/tools/bin/../lib/gcc/arm-none-eabi/13.3.1/../../../../arm-none-eabi/lib/thumb/v7e-m+fp/hard\libc_nano.a(libc_a-lseekr.o)
[...]
Memory Configuration

Name             Origin             Length             Attributes
RAM              0x20000000         0x00020000         xrw
FLASH            0x08000000         0x00080000         xr
*default*        0x00000000         0xffffffff

Linker script and memory map

LOAD C:/ST/STM32CubeIDE_1.18.1/STM32CubeIDE/plugins/com.st.stm32cube.ide.mcu.externaltools.gnu-tools-for-stm32.13.3.rel1.win32_1.0.0.202411081344/tools/bin/../lib/gcc/arm-none-eabi/13.3.1/thumb/v7e-m+fp/hard/crti.o
LOAD C:/ST/STM32CubeIDE_1.18.1/STM32CubeIDE/plugins/com.st.stm32cube.ide.mcu.externaltools.gnu-tools-for-stm32.13.3.rel1.win32_1.0.0.202411081344/tools/bin/../lib/gcc/arm-none-eabi/13.3.1/thumb/v7e-m+fp/hard/crtbegin.o
LOAD C:/ST/STM32CubeIDE_1.18.1/STM32CubeIDE/plugins/com.st.stm32cube.ide.mcu.externaltools.gnu-tools-for-stm32.13.3.rel1.win32_1.0.0.202411081344/tools/bin/../lib/gcc/arm-none-eabi/13.3.1/../../../../arm-none-eabi/lib/thumb/v7e-m+fp/hard/crt0.o
LOAD ./Core/Src/gpio.o
LOAD ./Core/Src/main.o
LOAD ./Core/Src/stm32f4xx_hal_msp.o
LOAD ./Core/Src/stm32f4xx_it.o
LOAD ./Core/Src/syscalls.o
LOAD ./Core/Src/sysmem.o
LOAD ./Core/Src/system_stm32f4xx.o
LOAD ./Core/Startup/startup_stm32f411ceux.o
LOAD ./Drivers/STM32F4xx_HAL_Driver/Src/stm32f4xx_hal.o
LOAD ./Drivers/STM32F4xx_HAL_Driver/Src/stm32f4xx_hal_cortex.o
LOAD ./Drivers/STM32F4xx_HAL_Driver/Src/stm32f4xx_hal_dma.o
LOAD ./Drivers/STM32F4xx_HAL_Driver/Src/stm32f4xx_hal_dma_ex.o
LOAD ./Drivers/STM32F4xx_HAL_Driver/Src/stm32f4xx_hal_exti.o
LOAD ./Drivers/STM32F4xx_HAL_Driver/Src/stm32f4xx_hal_flash.o
LOAD ./Drivers/STM32F4xx_HAL_Driver/Src/stm32f4xx_hal_flash_ex.o
LOAD ./Drivers/STM32F4xx_HAL_Driver/Src/stm32f4xx_hal_flash_ramfunc.o
LOAD ./Drivers/STM32F4xx_HAL_Driver/Src/stm32f4xx_hal_gpio.o
LOAD ./Drivers/STM32F4xx_HAL_Driver/Src/stm32f4xx_hal_pcd.o
LOAD ./Drivers/STM32F4xx_HAL_Driver/Src/stm32f4xx_hal_pcd_ex.o
LOAD ./Drivers/STM32F4xx_HAL_Driver/Src/stm32f4xx_hal_pwr.o
LOAD ./Drivers/STM32F4xx_HAL_Driver/Src/stm32f4xx_hal_pwr_ex.o
LOAD ./Drivers/STM32F4xx_HAL_Driver/Src/stm32f4xx_hal_rcc.o
LOAD ./Drivers/STM32F4xx_HAL_Driver/Src/stm32f4xx_hal_rcc_ex.o
LOAD ./Drivers/STM32F4xx_HAL_Driver/Src/stm32f4xx_ll_usb.o
LOAD ./Middlewares/ST/STM32_USB_Device_Library/Class/CDC/Src/usbd_cdc.o
LOAD ./Middlewares/ST/STM32_USB_Device_Library/Core/Src/usbd_core.o
LOAD ./Middlewares/ST/STM32_USB_Device_Library/Core/Src/usbd_ctlreq.o
LOAD ./Middlewares/ST/STM32_USB_Device_Library/Core/Src/usbd_ioreq.o
LOAD ./USB_DEVICE/App/usb_device.o
LOAD ./USB_DEVICE/App/usbd_cdc_if.o
LOAD ./USB_DEVICE/App/usbd_desc.o
LOAD ./USB_DEVICE/Target/usbd_conf.o
START GROUP
LOAD C:/ST/STM32CubeIDE_1.18.1/STM32CubeIDE/plugins/com.st.stm32cube.ide.mcu.externaltools.gnu-tools-for-stm32.13.3.rel1.win32_1.0.0.202411081344/tools/bin/../lib/gcc/arm-none-eabi/13.3.1/../../../../arm-none-eabi/lib/thumb/v7e-m+fp/hard\libc_nano.a
LOAD C:/ST/STM32CubeIDE_1.18.1/STM32CubeIDE/plugins/com.st.stm32cube.ide.mcu.externaltools.gnu-tools-for-stm32.13.3.rel1.win32_1.0.0.202411081344/tools/bin/../lib/gcc/arm-none-eabi/13.3.1/../../../../arm-none-eabi/lib/thumb/v7e-m+fp/hard\libm.a
END GROUP
START GROUP
LOAD C:/ST/STM32CubeIDE_1.18.1/STM32CubeIDE/plugins/com.st.stm32cube.ide.mcu.externaltools.gnu-tools-for-stm32.13.3.rel1.win32_1.0.0.202411081344/tools/bin/../lib/gcc/arm-none-eabi/13.3.1/thumb/v7e-m+fp/hard\libgcc.a
LOAD C:/ST/STM32CubeIDE_1.18.1/STM32CubeIDE/plugins/com.st.stm32cube.ide.mcu.externaltools.gnu-tools-for-stm32.13.3.rel1.win32_1.0.0.202411081344/tools/bin/../lib/gcc/arm-none-eabi/13.3.1/../../../../arm-none-eabi/lib/thumb/v7e-m+fp/hard\libc_nano.a
END GROUP
START GROUP
LOAD C:/ST/STM32CubeIDE_1.18.1/STM32CubeIDE/plugins/com.st.stm32cube.ide.mcu.externaltools.gnu-tools-for-stm32.13.3.rel1.win32_1.0.0.202411081344/tools/bin/../lib/gcc/arm-none-eabi/13.3.1/thumb/v7e-m+fp/hard\libgcc.a
LOAD C:/ST/STM32CubeIDE_1.18.1/STM32CubeIDE/plugins/com.st.stm32cube.ide.mcu.externaltools.gnu-tools-for-stm32.13.3.rel1.win32_1.0.0.202411081344/tools/bin/../lib/gcc/arm-none-eabi/13.3.1/../../../../arm-none-eabi/lib/thumb/v7e-m+fp/hard\libc_nano.a
LOAD C:/ST/STM32CubeIDE_1.18.1/STM32CubeIDE/plugins/com.st.stm32cube.ide.mcu.externaltools.gnu-tools-for-stm32.13.3.rel1.win32_1.0.0.202411081344/tools/bin/../lib/gcc/arm-none-eabi/13.3.1/../../../../arm-none-eabi/lib/thumb/v7e-m+fp/hard\libnosys.a
END GROUP
START GROUP
LOAD C:/ST/STM32CubeIDE_1.18.1/STM32CubeIDE/plugins/com.st.stm32cube.ide.mcu.externaltools.gnu-tools-for-stm32.13.3.rel1.win32_1.0.0.202411081344/tools/bin/../lib/gcc/arm-none-eabi/13.3.1/thumb/v7e-m+fp/hard\libgcc.a
LOAD C:/ST/STM32CubeIDE_1.18.1/STM32CubeIDE/plugins/com.st.stm32cube.ide.mcu.externaltools.gnu-tools-for-stm32.13.3.rel1.win32_1.0.0.202411081344/tools/bin/../lib/gcc/arm-none-eabi/13.3.1/../../../../arm-none-eabi/lib/thumb/v7e-m+fp/hard\libc_nano.a
LOAD C:/ST/STM32CubeIDE_1.18.1/STM32CubeIDE/plugins/com.st.stm32cube.ide.mcu.externaltools.gnu-tools-for-stm32.13.3.rel1.win32_1.0.0.202411081344/tools/bin/../lib/gcc/arm-none-eabi/13.3.1/../../../../arm-none-eabi/lib/thumb/v7e-m+fp/hard\libnosys.a
END GROUP
LOAD C:/ST/STM32CubeIDE_1.18.1/STM32CubeIDE/plugins/com.st.stm32cube.ide.mcu.externaltools.gnu-tools-for-stm32.13.3.rel1.win32_1.0.0.202411081344/tools/bin/../lib/gcc/arm-none-eabi/13.3.1/thumb/v7e-m+fp/hard/crtend.o
LOAD C:/ST/STM32CubeIDE_1.18.1/STM32CubeIDE/plugins/com.st.stm32cube.ide.mcu.externaltools.gnu-tools-for-stm32.13.3.rel1.win32_1.0.0.202411081344/tools/bin/../lib/gcc/arm-none-eabi/13.3.1/thumb/v7e-m+fp/hard/crtn.o
                0x20020000                        _estack = (ORIGIN (RAM) + LENGTH (RAM))
                0x00000200                        _Min_Heap_Size = 0x200
                0x00000400                        _Min_Stack_Size = 0x400

.isr_vector     0x08000000      0x198
                0x08000000                        . = ALIGN (0x4)
 *(.isr_vector)
 .isr_vector    0x08000000      0x198 ./Core/Startup/startup_stm32f411ceux.o
                0x08000000                g_pfnVectors
                0x08000198                        . = ALIGN (0x4)

.text           0x08000198     0x6b60
                0x08000198                        . = ALIGN (0x4)
 *(.text)
 .text          0x08000198       0x40 C:/ST/STM32CubeIDE_1.18.1/STM32CubeIDE/plugins/com.st.stm32cube.ide.mcu.externaltools.gnu-tools-for-stm32.13.3.rel1.win32_1.0.0.202411081344/tools/bin/../lib/gcc/arm-none-eabi/13.3.1/thumb/v7e-m+fp/hard/crtbegin.o
 .text          0x080001d8       0x30 C:/ST/STM32CubeIDE_1.18.1/STM32CubeIDE/plugins/com.st.stm32cube.ide.mcu.externaltools.gnu-tools-for-stm32.13.3.rel1.win32_1.0.0.202411081344/tools/bin/../lib/gcc/arm-none-eabi/13.3.1/thumb/v7e-m+fp/hard\libgcc.a(_aeabi_uldivmod.o)
                0x080001d8                __aeabi_uldivmod
 .text          0x08000208      0x2f8 C:/ST/STM32CubeIDE_1.18.1/STM32CubeIDE/plugins/com.st.stm32cube.ide.mcu.externaltools.gnu-tools-for-stm32.13.3.rel1.win32_1.0.0.202411081344/tools/bin/../lib/gcc/arm-none-eabi/13.3.1/thumb/v7e-m+fp/hard\libgcc.a(_udivmoddi4.o)
                0x08000208                __udivmoddi4
 .text          0x08000500        0x4 C:/ST/STM32CubeIDE_1.18.1/STM32CubeIDE/plugins/com.st.stm32cube.ide.mcu.externaltools.gnu-tools-for-stm32.13.3.rel1.win32_1.0.0.202411081344/tools/bin/../lib/gcc/arm-none-eabi/13.3.1/thumb/v7e-m+fp/hard\libgcc.a(_dvmd_tls.o)
                0x08000500                __aeabi_idiv0
                0x08000500                __aeabi_ldiv0
 *(.text*)
 .text.MX_GPIO_Init
                0x08000504       0xa4 ./Core/Src/gpio.o
                0x08000504                MX_GPIO_Init
 .text.main     0x080005a8       0x4c ./Core/Src/main.o
                0x080005a8                main
 .text.SystemClock_Config
                0x080005f4       0xd0 ./Core/Src/main.o
                0x080005f4                SystemClock_Config
 .text.Error_Handler
                0x080006c4        0xc ./Core/Src/main.o
                0x080006c4                Error_Handler
 .text.HAL_MspInit
                0x080006d0       0x50 ./Core/Src/stm32f4xx_hal_msp.o
                0x080006d0                HAL_MspInit
 .text.NMI_Handler
                0x08000720        0x8 ./Core/Src/stm32f4xx_it.o
                0x08000720                NMI_Handler
 .text.HardFault_Handler
                0x08000728        0x8 ./Core/Src/stm32f4xx_it.o
                0x08000728                HardFault_Handler
 .text.MemManage_Handler
                0x08000730        0x8 ./Core/Src/stm32f4xx_it.o
                0x08000730                MemManage_Handler
 .text.BusFault_Handler
                0x08000738        0x8 ./Core/Src/stm32f4xx_it.o
                0x08000738                BusFault_Handler
 .text.UsageFault_Handler
                0x08000740        0x8 ./Core/Src/stm32f4xx_it.o
                0x08000740                UsageFault_Handler
 .text.SVC_Handler
                0x08000748        0xe ./Core/Src/stm32f4xx_it.o
                0x08000748                SVC_Handler
 .text.DebugMon_Handler
                0x08000756        0xe ./Core/Src/stm32f4xx_it.o
                0x08000756                DebugMon_Handler
 .text.PendSV_Handler
                0x08000764        0xe ./Core/Src/stm32f4xx_it.o
                0x08000764                PendSV_Handler
 .text.SysTick_Handler
                0x08000772        0xc ./Core/Src/stm32f4xx_it.o
                0x08000772                SysTick_Handler
 *fill*         0x0800077e        0x2 
 .text.OTG_FS_IRQHandler
                0x08000780       0x14 ./Core/Src/stm32f4xx_it.o
                0x08000780                OTG_FS_IRQHandler
 .text.SystemInit
                0x08000794       0x24 ./Core/Src/system_stm32f4xx.o
                0x08000794                SystemInit
 .text.Reset_Handler
                0x080007b8       0x50 ./Core/Startup/startup_stm32f411ceux.o
                0x080007b8                Reset_Handler
 .text.Default_Handler
                0x08000808        0x2 ./Core/Startup/startup_stm32f411ceux.o
                0x08000808                RTC_Alarm_IRQHandler
                0x08000808                EXTI2_IRQHandler
                0x08000808                SPI4_IRQHandler
                0x08000808                TIM1_CC_IRQHandler
                0x08000808                DMA2_Stream5_IRQHandler
                0x08000808                DMA1_Stream5_IRQHandler
                0x08000808                PVD_IRQHandler
                0x08000808                SDIO_IRQHandler
                0x08000808                TAMP_STAMP_IRQHandler
                0x08000808                EXTI3_IRQHandler
                0x08000808                TIM1_UP_TIM10_IRQHandler
                0x08000808                I2C3_ER_IRQHandler
                0x08000808                EXTI0_IRQHandler
                0x08000808                I2C2_EV_IRQHandler
                0x08000808                DMA1_Stream2_IRQHandler
                0x08000808                FPU_IRQHandler
                0x08000808                DMA2_Stream2_IRQHandler
                0x08000808                SPI1_IRQHandler
                0x08000808                TIM1_BRK_TIM9_IRQHandler
                0x08000808                DMA2_Stream3_IRQHandler
                0x08000808                USART6_IRQHandler
                0x08000808                DMA2_Stream0_IRQHandler
                0x08000808                TIM4_IRQHandler
                0x08000808                I2C1_EV_IRQHandler
                0x08000808                DMA1_Stream6_IRQHandler
                0x08000808                DMA1_Stream1_IRQHandler
                0x08000808                TIM3_IRQHandler
                0x08000808                RCC_IRQHandler
                0x08000808                Default_Handler
                0x08000808                EXTI15_10_IRQHandler
                0x08000808                ADC_IRQHandler
                0x08000808                DMA1_Stream7_IRQHandler
                0x08000808                SPI5_IRQHandler
                0x08000808                TIM5_IRQHandler
                0x08000808                DMA2_Stream7_IRQHandler
                0x08000808                I2C3_EV_IRQHandler
                0x08000808                EXTI9_5_IRQHandler
                0x08000808                RTC_WKUP_IRQHandler
                0x08000808                SPI2_IRQHandler
                0x08000808                DMA1_Stream0_IRQHandler
                0x08000808                EXTI4_IRQHandler
                0x08000808                WWDG_IRQHandler
                0x08000808                TIM2_IRQHandler
                0x08000808                OTG_FS_WKUP_IRQHandler
                0x08000808                TIM1_TRG_COM_TIM11_IRQHandler
                0x08000808                EXTI1_IRQHandler
                0x08000808                USART2_IRQHandler
                0x08000808                I2C2_ER_IRQHandler
                0x08000808                DMA2_Stream1_IRQHandler
                0x08000808                FLASH_IRQHandler
                0x08000808                DMA2_Stream4_IRQHandler
                0x08000808                USART1_IRQHandler
                0x08000808                SPI3_IRQHandler
                0x08000808                DMA1_Stream4_IRQHandler
                0x08000808                I2C1_ER_IRQHandler
                0x08000808                DMA2_Stream6_IRQHandler
                0x08000808                DMA1_Stream3_IRQHandler
 *fill*         0x0800080a        0x2 
 .text.HAL_Init
                0x0800080c       0x44 ./Drivers/STM32F4xx_HAL_Driver/Src/stm32f4xx_hal.o
                0x0800080c                HAL_Init
 .text.HAL_InitTick
                0x08000850       0x60 ./Drivers/STM32F4xx_HAL_Driver/Src/stm32f4xx_hal.o
                0x08000850                HAL_InitTick
 .text.HAL_IncTick
                0x080008b0       0x28 ./Drivers/STM32F4xx_HAL_Driver/Src/stm32f4xx_hal.o
                0x080008b0                HAL_IncTick
 .text.HAL_GetTick
                0x080008d8       0x18 ./Drivers/STM32F4xx_HAL_Driver/Src/stm32f4xx_hal.o
                0x080008d8                HAL_GetTick
 .text.HAL_Delay
                0x080008f0       0x48 ./Drivers/STM32F4xx_HAL_Driver/Src/stm32f4xx_hal.o
                0x080008f0                HAL_Delay
 .text.__NVIC_SetPriorityGrouping
                0x08000938       0x48 ./Drivers/STM32F4xx_HAL_Driver/Src/stm32f4xx_hal_cortex.o
 .text.__NVIC_GetPriorityGrouping
                0x08000980       0x1c ./Drivers/STM32F4xx_HAL_Driver/Src/stm32f4xx_hal_cortex.o
 .text.__NVIC_EnableIRQ
                0x0800099c       0x3c ./Drivers/STM32F4xx_HAL_Driver/Src/stm32f4xx_hal_cortex.o
 .text.__NVIC_SetPriority
                0x080009d8       0x54 ./Drivers/STM32F4xx_HAL_Driver/Src/stm32f4xx_hal_cortex.o
 .text.NVIC_EncodePriority
                0x08000a2c       0x66 ./Drivers/STM32F4xx_HAL_Driver/Src/stm32f4xx_hal_cortex.o
 *fill*         0x08000a92        0x2 
 .text.SysTick_Config
                0x08000a94       0x44 ./Drivers/STM32F4xx_HAL_Driver/Src/stm32f4xx_hal_cortex.o
 .text.HAL_NVIC_SetPriorityGrouping
                0x08000ad8       0x16 ./Drivers/STM32F4xx_HAL_Driver/Src/stm32f4xx_hal_cortex.o
                0x08000ad8                HAL_NVIC_SetPriorityGrouping
 .text.HAL_NVIC_SetPriority
                0x08000aee       0x38 ./Drivers/STM32F4xx_HAL_Driver/Src/stm32f4xx_hal_cortex.o
                0x08000aee                HAL_NVIC_SetPriority
 .text.HAL_NVIC_EnableIRQ
                0x08000b26       0x1c ./Drivers/STM32F4xx_HAL_Driver/Src/stm32f4xx_hal_cortex.o
                0x08000b26                HAL_NVIC_EnableIRQ
 .text.HAL_SYSTICK_Config
                0x08000b42       0x18 ./Drivers/STM32F4xx_HAL_Driver/Src/stm32f4xx_hal_cortex.o
                0x08000b42                HAL_SYSTICK_Config
 *fill*         0x08000b5a        0x2 
 .text.HAL_GPIO_Init
                0x08000b5c      0x308 ./Drivers/STM32F4xx_HAL_Driver/Src/stm32f4xx_hal_gpio.o
                0x08000b5c                HAL_GPIO_Init
 .text.HAL_GPIO_WritePin
                0x08000e64       0x32 ./Drivers/STM32F4xx_HAL_Driver/Src/stm32f4xx_hal_gpio.o
                0x08000e64                HAL_GPIO_WritePin
 .text.HAL_GPIO_TogglePin
                0x08000e96       0x34 ./Drivers/STM32F4xx_HAL_Driver/Src/stm32f4xx_hal_gpio.o
                0x08000e96                HAL_GPIO_TogglePin
 .text.HAL_PCD_Init
                0x08000eca      0x21e ./Drivers/STM32F4xx_HAL_Driver/Src/stm32f4xx_hal_pcd.o
                0x08000eca                HAL_PCD_Init
 .text.HAL_PCD_Start
                0x080010e8       0x6a ./Drivers/STM32F4xx_HAL_Driver/Src/stm32f4xx_hal_pcd.o
                0x080010e8                HAL_PCD_Start
 .text.HAL_PCD_IRQHandler
                0x08001152      0x942 ./Drivers/STM32F4xx_HAL_Driver/Src/stm32f4xx_hal_pcd.o
                0x08001152                HAL_PCD_IRQHandler
 .text.HAL_PCD_SetAddress
                0x08001a94       0x48 ./Drivers/STM32F4xx_HAL_Driver/Src/stm32f4xx_hal_pcd.o
                0x08001a94                HAL_PCD_SetAddress
 .text.HAL_PCD_EP_Open
                0x08001adc       0xd4 ./Drivers/STM32F4xx_HAL_Driver/Src/stm32f4xx_hal_pcd.o
                0x08001adc                HAL_PCD_EP_Open
 .text.HAL_PCD_EP_Close
                0x08001bb0       0x94 ./Drivers/STM32F4xx_HAL_Driver/Src/stm32f4xx_hal_pcd.o
                0x08001bb0                HAL_PCD_EP_Close
 .text.HAL_PCD_EP_Receive
                0x08001c44       0x76 ./Drivers/STM32F4xx_HAL_Driver/Src/stm32f4xx_hal_pcd.o
                0x08001c44                HAL_PCD_EP_Receive
 .text.HAL_PCD_EP_GetRxCount
                0x08001cba       0x30 ./Drivers/STM32F4xx_HAL_Driver/Src/stm32f4xx_hal_pcd.o
                0x08001cba                HAL_PCD_EP_GetRxCount
 .text.HAL_PCD_EP_Transmit
                0x08001cea       0x74 ./Drivers/STM32F4xx_HAL_Driver/Src/stm32f4xx_hal_pcd.o
                0x08001cea                HAL_PCD_EP_Transmit
 .text.HAL_PCD_EP_SetStall
                0x08001d5e       0xc6 ./Drivers/STM32F4xx_HAL_Driver/Src/stm32f4xx_hal_pcd.o
                0x08001d5e                HAL_PCD_EP_SetStall
 .text.HAL_PCD_EP_ClrStall
                0x08001e24       0xac ./Drivers/STM32F4xx_HAL_Driver/Src/stm32f4xx_hal_pcd.o
                0x08001e24                HAL_PCD_EP_ClrStall
 .text.HAL_PCD_EP_Abort
                0x08001ed0       0x62 ./Drivers/STM32F4xx_HAL_Driver/Src/stm32f4xx_hal_pcd.o
                0x08001ed0                HAL_PCD_EP_Abort
 .text.PCD_WriteEmptyTxFifo
                0x08001f32      0x118 ./Drivers/STM32F4xx_HAL_Driver/Src/stm32f4xx_hal_pcd.o
 *fill*         0x0800204a        0x2 
 .text.PCD_EP_OutXfrComplete_int
                0x0800204c      0x1d0 ./Drivers/STM32F4xx_HAL_Driver/Src/stm32f4xx_hal_pcd.o
 .text.PCD_EP_OutSetupPacket_int
                0x0800221c       0x8c ./Drivers/STM32F4xx_HAL_Driver/Src/stm32f4xx_hal_pcd.o
 .text.HAL_PCDEx_SetTxFiFo
                0x080022a8       0x8e ./Drivers/STM32F4xx_HAL_Driver/Src/stm32f4xx_hal_pcd_ex.o
                0x080022a8                HAL_PCDEx_SetTxFiFo
 .text.HAL_PCDEx_SetRxFiFo
                0x08002336       0x22 ./Drivers/STM32F4xx_HAL_Driver/Src/stm32f4xx_hal_pcd_ex.o
                0x08002336                HAL_PCDEx_SetRxFiFo
 .text.HAL_PCDEx_LPM_Callback
                0x08002358       0x18 ./Drivers/STM32F4xx_HAL_Driver/Src/stm32f4xx_hal_pcd_ex.o
                0x08002358                HAL_PCDEx_LPM_Callback
 .text.HAL_RCC_OscConfig
                0x08002370      0x4f0 ./Drivers/STM32F4xx_HAL_Driver/Src/stm32f4xx_hal_rcc.o
                0x08002370                HAL_RCC_OscConfig
 .text.HAL_RCC_ClockConfig
                0x08002860      0x1cc ./Drivers/STM32F4xx_HAL_Driver/Src/stm32f4xx_hal_rcc.o
                0x08002860                HAL_RCC_ClockConfig
 .text.HAL_RCC_GetSysClockFreq
                0x08002a2c      0x18c ./Drivers/STM32F4xx_HAL_Driver/Src/stm32f4xx_hal_rcc.o
                0x08002a2c                HAL_RCC_GetSysClockFreq
 .text.HAL_RCC_GetHCLKFreq
                0x08002bb8       0x18 ./Drivers/STM32F4xx_HAL_Driver/Src/stm32f4xx_hal_rcc.o
                0x08002bb8                HAL_RCC_GetHCLKFreq
 .text.USB_CoreInit
                0x08002bd0       0xc8 ./Drivers/STM32F4xx_HAL_Driver/Src/stm32f4xx_ll_usb.o
                0x08002bd0                USB_CoreInit
 .text.USB_SetTurnaroundTime
                0x08002c98      0x144 ./Drivers/STM32F4xx_HAL_Driver/Src/stm32f4xx_ll_usb.o
                0x08002c98                USB_SetTurnaroundTime
 .text.USB_EnableGlobalInt
                0x08002ddc       0x22 ./Drivers/STM32F4xx_HAL_Driver/Src/stm32f4xx_ll_usb.o
                0x08002ddc                USB_EnableGlobalInt
 .text.USB_DisableGlobalInt
                0x08002dfe       0x22 ./Drivers/STM32F4xx_HAL_Driver/Src/stm32f4xx_ll_usb.o
                0x08002dfe                USB_DisableGlobalInt
 .text.USB_SetCurrentMode
                0x08002e20       0x98 ./Drivers/STM32F4xx_HAL_Driver/Src/stm32f4xx_ll_usb.o
                0x08002e20                USB_SetCurrentMode
 .text.USB_DevInit
                0x08002eb8      0x2c8 ./Drivers/STM32F4xx_HAL_Driver/Src/stm32f4xx_ll_usb.o
                0x08002eb8                USB_DevInit
 .text.USB_FlushTxFifo
                0x08003180       0x64 ./Drivers/STM32F4xx_HAL_Driver/Src/stm32f4xx_ll_usb.o
                0x08003180                USB_FlushTxFifo
 .text.USB_FlushRxFifo
                0x080031e4       0x5c ./Drivers/STM32F4xx_HAL_Driver/Src/stm32f4xx_ll_usb.o
                0x080031e4                USB_FlushRxFifo
 .text.USB_SetDevSpeed
                0x08003240       0x32 ./Drivers/STM32F4xx_HAL_Driver/Src/stm32f4xx_ll_usb.o
                0x08003240                USB_SetDevSpeed
 .text.USB_GetDevSpeed
                0x08003272       0x4a ./Drivers/STM32F4xx_HAL_Driver/Src/stm32f4xx_ll_usb.o
                0x08003272                USB_GetDevSpeed
 .text.USB_ActivateEndpoint
                0x080032bc      0x10e ./Drivers/STM32F4xx_HAL_Driver/Src/stm32f4xx_ll_usb.o
                0x080032bc                USB_ActivateEndpoint
 *fill*         0x080033ca        0x2 
 .text.USB_DeactivateEndpoint
                0x080033cc      0x1b8 ./Drivers/STM32F4xx_HAL_Driver/Src/stm32f4xx_ll_usb.o
                0x080033cc                USB_DeactivateEndpoint
 .text.USB_EPStartXfer
                0x08003584      0x53c ./Drivers/STM32F4xx_HAL_Driver/Src/stm32f4xx_ll_usb.o
                0x08003584                USB_EPStartXfer
 .text.USB_EPStopXfer
                0x08003ac0      0x154 ./Drivers/STM32F4xx_HAL_Driver/Src/stm32f4xx_ll_usb.o
                0x08003ac0                USB_EPStopXfer
 .text.USB_WritePacket
                0x08003c14       0x7c ./Drivers/STM32F4xx_HAL_Driver/Src/stm32f4xx_ll_usb.o
                0x08003c14                USB_WritePacket
 .text.USB_ReadPacket
                0x08003c90       0xb0 ./Drivers/STM32F4xx_HAL_Driver/Src/stm32f4xx_ll_usb.o
                0x08003c90                USB_ReadPacket
 .text.USB_EPSetStall
                0x08003d40       0xdc ./Drivers/STM32F4xx_HAL_Driver/Src/stm32f4xx_ll_usb.o
                0x08003d40                USB_EPSetStall
 .text.USB_EPClearStall
                0x08003e1c       0xcc ./Drivers/STM32F4xx_HAL_Driver/Src/stm32f4xx_ll_usb.o
                0x08003e1c                USB_EPClearStall
 .text.USB_SetDevAddress
                0x08003ee8       0x4c ./Drivers/STM32F4xx_HAL_Driver/Src/stm32f4xx_ll_usb.o
                0x08003ee8                USB_SetDevAddress
 .text.USB_DevConnect
                0x08003f34       0x42 ./Drivers/STM32F4xx_HAL_Driver/Src/stm32f4xx_ll_usb.o
                0x08003f34                USB_DevConnect
 .text.USB_DevDisconnect
                0x08003f76       0x42 ./Drivers/STM32F4xx_HAL_Driver/Src/stm32f4xx_ll_usb.o
                0x08003f76                USB_DevDisconnect
 .text.USB_ReadInterrupts
                0x08003fb8       0x26 ./Drivers/STM32F4xx_HAL_Driver/Src/stm32f4xx_ll_usb.o
                0x08003fb8                USB_ReadInterrupts
 .text.USB_ReadDevAllOutEpInterrupt
                0x08003fde       0x34 ./Drivers/STM32F4xx_HAL_Driver/Src/stm32f4xx_ll_usb.o
                0x08003fde                USB_ReadDevAllOutEpInterrupt
 .text.USB_ReadDevAllInEpInterrupt
                0x08004012       0x34 ./Drivers/STM32F4xx_HAL_Driver/Src/stm32f4xx_ll_usb.o
                0x08004012                USB_ReadDevAllInEpInterrupt
 .text.USB_ReadDevOutEPInterrupt
                0x08004046       0x3c ./Drivers/STM32F4xx_HAL_Driver/Src/stm32f4xx_ll_usb.o
                0x08004046                USB_ReadDevOutEPInterrupt
 .text.USB_ReadDevInEPInterrupt
                0x08004082       0x5c ./Drivers/STM32F4xx_HAL_Driver/Src/stm32f4xx_ll_usb.o
                0x08004082                USB_ReadDevInEPInterrupt
 .text.USB_GetMode
                0x080040de       0x1c ./Drivers/STM32F4xx_HAL_Driver/Src/stm32f4xx_ll_usb.o
                0x080040de                USB_GetMode
 .text.USB_ActivateSetup
                0x080040fa       0x46 ./Drivers/STM32F4xx_HAL_Driver/Src/stm32f4xx_ll_usb.o
                0x080040fa                USB_ActivateSetup
 .text.USB_EP0_OutStart
                0x08004140       0xbc ./Drivers/STM32F4xx_HAL_Driver/Src/stm32f4xx_ll_usb.o
                0x08004140                USB_EP0_OutStart
 .text.USB_CoreReset
                0x080041fc       0x70 ./Drivers/STM32F4xx_HAL_Driver/Src/stm32f4xx_ll_usb.o
 .text.USBD_CDC_Init
                0x0800426c      0x1f0 ./Middlewares/ST/STM32_USB_Device_Library/Class/CDC/Src/usbd_cdc.o
 .text.USBD_CDC_DeInit
                0x0800445c      0x104 ./Middlewares/ST/STM32_USB_Device_Library/Class/CDC/Src/usbd_cdc.o
 .text.USBD_CDC_Setup
                0x08004560      0x1b8 ./Middlewares/ST/STM32_USB_Device_Library/Class/CDC/Src/usbd_cdc.o
 .text.USBD_CDC_DataIn
                0x08004718       0xfe ./Middlewares/ST/STM32_USB_Device_Library/Class/CDC/Src/usbd_cdc.o
 .text.USBD_CDC_DataOut
                0x08004816       0x70 ./Middlewares/ST/STM32_USB_Device_Library/Class/CDC/Src/usbd_cdc.o
 .text.USBD_CDC_EP0_RxReady
                0x08004886       0x74 ./Middlewares/ST/STM32_USB_Device_Library/Class/CDC/Src/usbd_cdc.o
 *fill*         0x080048fa        0x2 
 .text.USBD_CDC_GetFSCfgDesc
                0x080048fc       0x70 ./Middlewares/ST/STM32_USB_Device_Library/Class/CDC/Src/usbd_cdc.o
 .text.USBD_CDC_GetHSCfgDesc
                0x0800496c       0x70 ./Middlewares/ST/STM32_USB_Device_Library/Class/CDC/Src/usbd_cdc.o
 .text.USBD_CDC_GetOtherSpeedCfgDesc
                0x080049dc       0x70 ./Middlewares/ST/STM32_USB_Device_Library/Class/CDC/Src/usbd_cdc.o
 .text.USBD_CDC_GetDeviceQualifierDescriptor
                0x08004a4c       0x20 ./Middlewares/ST/STM32_USB_Device_Library/Class/CDC/Src/usbd_cdc.o
                0x08004a4c                USBD_CDC_GetDeviceQualifierDescriptor
 .text.USBD_CDC_RegisterInterface
                0x08004a6c       0x34 ./Middlewares/ST/STM32_USB_Device_Library/Class/CDC/Src/usbd_cdc.o
                0x08004a6c                USBD_CDC_RegisterInterface
 .text.USBD_CDC_SetTxBuffer
                0x08004aa0       0x44 ./Middlewares/ST/STM32_USB_Device_Library/Class/CDC/Src/usbd_cdc.o
                0x08004aa0                USBD_CDC_SetTxBuffer
 .text.USBD_CDC_SetRxBuffer
                0x08004ae4       0x3a ./Middlewares/ST/STM32_USB_Device_Library/Class/CDC/Src/usbd_cdc.o
                0x08004ae4                USBD_CDC_SetRxBuffer
 *fill*         0x08004b1e        0x2 
 .text.USBD_CDC_TransmitPacket
                0x08004b20       0x80 ./Middlewares/ST/STM32_USB_Device_Library/Class/CDC/Src/usbd_cdc.o
                0x08004b20                USBD_CDC_TransmitPacket
 .text.USBD_CDC_ReceivePacket
                0x08004ba0       0x6c ./Middlewares/ST/STM32_USB_Device_Library/Class/CDC/Src/usbd_cdc.o
                0x08004ba0                USBD_CDC_ReceivePacket
 .text.USBD_Init
                0x08004c0c       0x60 ./Middlewares/ST/STM32_USB_Device_Library/Core/Src/usbd_core.o
                0x08004c0c                USBD_Init
 .text.USBD_RegisterClass
                0x08004c6c       0x6c ./Middlewares/ST/STM32_USB_Device_Library/Core/Src/usbd_core.o
                0x08004c6c                USBD_RegisterClass
 .text.USBD_Start
                0x08004cd8       0x18 ./Middlewares/ST/STM32_USB_Device_Library/Core/Src/usbd_core.o
                0x08004cd8                USBD_Start
 .text.USBD_RunTestMode
                0x08004cf0       0x16 ./Middlewares/ST/STM32_USB_Device_Library/Core/Src/usbd_core.o
                0x08004cf0                USBD_RunTestMode
 .text.USBD_SetClassConfig
                0x08004d06       0x38 ./Middlewares/ST/STM32_USB_Device_Library/Core/Src/usbd_core.o
                0x08004d06                USBD_SetClassConfig
 .text.USBD_ClrClassConfig
                0x08004d3e       0x34 ./Middlewares/ST/STM32_USB_Device_Library/Core/Src/usbd_core.o
                0x08004d3e                USBD_ClrClassConfig
 .text.USBD_LL_SetupStage
                0x08004d72       0xaa ./Middlewares/ST/STM32_USB_Device_Library/Core/Src/usbd_core.o
                0x08004d72                USBD_LL_SetupStage
 .text.USBD_LL_DataOutStage
                0x08004e1c      0x178 ./Middlewares/ST/STM32_USB_Device_Library/Core/Src/usbd_core.o
                0x08004e1c                USBD_LL_DataOutStage
 .text.USBD_LL_DataInStage
                0x08004f94      0x176 ./Middlewares/ST/STM32_USB_Device_Library/Core/Src/usbd_core.o
                0x08004f94                USBD_LL_DataInStage
 .text.USBD_LL_Reset
                0x0800510a       0xa6 ./Middlewares/ST/STM32_USB_Device_Library/Core/Src/usbd_core.o
                0x0800510a                USBD_LL_Reset
 .text.USBD_LL_SetSpeed
                0x080051b0       0x20 ./Middlewares/ST/STM32_USB_Device_Library/Core/Src/usbd_core.o
                0x080051b0                USBD_LL_SetSpeed
 .text.USBD_LL_Suspend
                0x080051d0       0x38 ./Middlewares/ST/STM32_USB_Device_Library/Core/Src/usbd_core.o
                0x080051d0                USBD_LL_Suspend
 .text.USBD_LL_Resume
                0x08005208       0x30 ./Middlewares/ST/STM32_USB_Device_Library/Core/Src/usbd_core.o
                0x08005208                USBD_LL_Resume
 .text.USBD_LL_SOF
                0x08005238       0x40 ./Middlewares/ST/STM32_USB_Device_Library/Core/Src/usbd_core.o
                0x08005238                USBD_LL_SOF
 .text.USBD_LL_IsoINIncomplete
                0x08005278       0x64 ./Middlewares/ST/STM32_USB_Device_Library/Core/Src/usbd_core.o
                0x08005278                USBD_LL_IsoINIncomplete
 .text.USBD_LL_IsoOUTIncomplete
                0x080052dc       0x64 ./Middlewares/ST/STM32_USB_Device_Library/Core/Src/usbd_core.o
                0x080052dc                USBD_LL_IsoOUTIncomplete
 .text.USBD_LL_DevConnected
                0x08005340       0x16 ./Middlewares/ST/STM32_USB_Device_Library/Core/Src/usbd_core.o
                0x08005340                USBD_LL_DevConnected
 .text.USBD_LL_DevDisconnected
                0x08005356       0x46 ./Middlewares/ST/STM32_USB_Device_Library/Core/Src/usbd_core.o
                0x08005356                USBD_LL_DevDisconnected
 .text.USBD_CoreFindIF
                0x0800539c       0x1a ./Middlewares/ST/STM32_USB_Device_Library/Core/Src/usbd_core.o
                0x0800539c                USBD_CoreFindIF
 .text.USBD_CoreFindEP
                0x080053b6       0x1a ./Middlewares/ST/STM32_USB_Device_Library/Core/Src/usbd_core.o
                0x080053b6                USBD_CoreFindEP
 .text.USBD_GetEpDesc
                0x080053d0       0x70 ./Middlewares/ST/STM32_USB_Device_Library/Core/Src/usbd_core.o
                0x080053d0                USBD_GetEpDesc
 .text.USBD_GetNextDesc
                0x08005440       0x38 ./Middlewares/ST/STM32_USB_Device_Library/Core/Src/usbd_core.o
                0x08005440                USBD_GetNextDesc
 .text.SWAPBYTE
                0x08005478       0x3e ./Middlewares/ST/STM32_USB_Device_Library/Core/Src/usbd_ctlreq.o
 *fill*         0x080054b6        0x2 
 .text.USBD_StdDevReq
                0x080054b8       0xe4 ./Middlewares/ST/STM32_USB_Device_Library/Core/Src/usbd_ctlreq.o
                0x080054b8                USBD_StdDevReq
 .text.USBD_StdItfReq
                0x0800559c       0xd8 ./Middlewares/ST/STM32_USB_Device_Library/Core/Src/usbd_ctlreq.o
                0x0800559c                USBD_StdItfReq
 .text.USBD_StdEPReq
                0x08005674      0x33e ./Middlewares/ST/STM32_USB_Device_Library/Core/Src/usbd_ctlreq.o
                0x08005674                USBD_StdEPReq
 *fill*         0x080059b2        0x2 
 .text.USBD_GetDescriptor
                0x080059b4      0x2d4 ./Middlewares/ST/STM32_USB_Device_Library/Core/Src/usbd_ctlreq.o
 .text.USBD_SetAddress
                0x08005c88       0x88 ./Middlewares/ST/STM32_USB_Device_Library/Core/Src/usbd_ctlreq.o
 .text.USBD_SetConfig
                0x08005d10      0x154 ./Middlewares/ST/STM32_USB_Device_Library/Core/Src/usbd_ctlreq.o
 .text.USBD_GetConfig
                0x08005e64       0x6c ./Middlewares/ST/STM32_USB_Device_Library/Core/Src/usbd_ctlreq.o
 .text.USBD_GetStatus
                0x08005ed0       0x68 ./Middlewares/ST/STM32_USB_Device_Library/Core/Src/usbd_ctlreq.o
 .text.USBD_SetFeature
                0x08005f38       0x52 ./Middlewares/ST/STM32_USB_Device_Library/Core/Src/usbd_ctlreq.o
 .text.USBD_ClrFeature
                0x08005f8a       0x44 ./Middlewares/ST/STM32_USB_Device_Library/Core/Src/usbd_ctlreq.o
 .text.USBD_ParseSetupRequest
                0x08005fce       0x74 ./Middlewares/ST/STM32_USB_Device_Library/Core/Src/usbd_ctlreq.o
                0x08005fce                USBD_ParseSetupRequest
 .text.USBD_CtlError
                0x08006042       0x22 ./Middlewares/ST/STM32_USB_Device_Library/Core/Src/usbd_ctlreq.o
                0x08006042                USBD_CtlError
 .text.USBD_GetString
                0x08006064       0xa4 ./Middlewares/ST/STM32_USB_Device_Library/Core/Src/usbd_ctlreq.o
                0x08006064                USBD_GetString
 .text.USBD_GetLen
                0x08006108       0x34 ./Middlewares/ST/STM32_USB_Device_Library/Core/Src/usbd_ctlreq.o
 .text.USBD_CtlSendData
                0x0800613c       0x3c ./Middlewares/ST/STM32_USB_Device_Library/Core/Src/usbd_ioreq.o
                0x0800613c                USBD_CtlSendData
 .text.USBD_CtlContinueSendData
                0x08006178       0x22 ./Middlewares/ST/STM32_USB_Device_Library/Core/Src/usbd_ioreq.o
                0x08006178                USBD_CtlContinueSendData
 .text.USBD_CtlPrepareRx
                0x0800619a       0x42 ./Middlewares/ST/STM32_USB_Device_Library/Core/Src/usbd_ioreq.o
                0x0800619a                USBD_CtlPrepareRx
 .text.USBD_CtlContinueRx
                0x080061dc       0x22 ./Middlewares/ST/STM32_USB_Device_Library/Core/Src/usbd_ioreq.o
                0x080061dc                USBD_CtlContinueRx
 .text.USBD_CtlSendStatus
                0x080061fe       0x26 ./Middlewares/ST/STM32_USB_Device_Library/Core/Src/usbd_ioreq.o
                0x080061fe                USBD_CtlSendStatus
 .text.USBD_CtlReceiveStatus
                0x08006224       0x26 ./Middlewares/ST/STM32_USB_Device_Library/Core/Src/usbd_ioreq.o
                0x08006224                USBD_CtlReceiveStatus
 *fill*         0x0800624a        0x2 
 .text.MX_USB_DEVICE_Init
                0x0800624c       0x60 ./USB_DEVICE/App/usb_device.o
                0x0800624c                MX_USB_DEVICE_Init
 .text.CDC_Init_FS
                0x080062ac       0x28 ./USB_DEVICE/App/usbd_cdc_if.o
 .text.CDC_DeInit_FS
                0x080062d4       0x10 ./USB_DEVICE/App/usbd_cdc_if.o
 .text.CDC_Control_FS
                0x080062e4       0xbc ./USB_DEVICE/App/usbd_cdc_if.o
 .text.CDC_Receive_FS
                0x080063a0       0x28 ./USB_DEVICE/App/usbd_cdc_if.o
 .text.CDC_Transmit_FS
                0x080063c8       0x4c ./USB_DEVICE/App/usbd_cdc_if.o
                0x080063c8                CDC_Transmit_FS
 .text.CDC_TransmitCplt_FS
                0x08006414       0x22 ./USB_DEVICE/App/usbd_cdc_if.o
 *fill*         0x08006436        0x2 
 .text.USBD_FS_DeviceDescriptor
                0x08006438       0x24 ./USB_DEVICE/App/usbd_desc.o
                0x08006438                USBD_FS_DeviceDescriptor
 .text.USBD_FS_LangIDStrDescriptor
                0x0800645c       0x24 ./USB_DEVICE/App/usbd_desc.o
                0x0800645c                USBD_FS_LangIDStrDescriptor
 .text.USBD_FS_ProductStrDescriptor
                0x08006480       0x3c ./USB_DEVICE/App/usbd_desc.o
                0x08006480                USBD_FS_ProductStrDescriptor
 .text.USBD_FS_ManufacturerStrDescriptor
                0x080064bc       0x28 ./USB_DEVICE/App/usbd_desc.o
                0x080064bc                USBD_FS_ManufacturerStrDescriptor
 .text.USBD_FS_SerialStrDescriptor
                0x080064e4       0x24 ./USB_DEVICE/App/usbd_desc.o
                0x080064e4                USBD_FS_SerialStrDescriptor
 .text.USBD_FS_ConfigStrDescriptor
                0x08006508       0x3c ./USB_DEVICE/App/usbd_desc.o
                0x08006508                USBD_FS_ConfigStrDescriptor
 .text.USBD_FS_InterfaceStrDescriptor
                0x08006544       0x3c ./USB_DEVICE/App/usbd_desc.o
                0x08006544                USBD_FS_InterfaceStrDescriptor
 .text.Get_SerialNum
                0x08006580       0x58 ./USB_DEVICE/App/usbd_desc.o
 .text.IntToUnicode
                0x080065d8       0x7e ./USB_DEVICE/App/usbd_desc.o
 *fill*         0x08006656        0x2 
 .text.HAL_PCD_MspInit
                0x08006658       0xc4 ./USB_DEVICE/Target/usbd_conf.o
                0x08006658                HAL_PCD_MspInit
 .text.HAL_PCD_SetupStageCallback
                0x0800671c       0x24 ./USB_DEVICE/Target/usbd_conf.o
                0x0800671c                HAL_PCD_SetupStageCallback
 .text.HAL_PCD_DataOutStageCallback
                0x08006740       0x36 ./USB_DEVICE/Target/usbd_conf.o
                0x08006740                HAL_PCD_DataOutStageCallback
 .text.HAL_PCD_DataInStageCallback
                0x08006776       0x34 ./USB_DEVICE/Target/usbd_conf.o
                0x08006776                HAL_PCD_DataInStageCallback
 .text.HAL_PCD_SOFCallback
                0x080067aa       0x1c ./USB_DEVICE/Target/usbd_conf.o
                0x080067aa                HAL_PCD_SOFCallback
 .text.HAL_PCD_ResetCallback
                0x080067c6       0x3c ./USB_DEVICE/Target/usbd_conf.o
                0x080067c6                HAL_PCD_ResetCallback
 *fill*         0x08006802        0x2 
 .text.HAL_PCD_SuspendCallback
                0x08006804       0x4c ./USB_DEVICE/Target/usbd_conf.o
                0x08006804                HAL_PCD_SuspendCallback
 .text.HAL_PCD_ResumeCallback
                0x08006850       0x1c ./USB_DEVICE/Target/usbd_conf.o
                0x08006850                HAL_PCD_ResumeCallback
 .text.HAL_PCD_ISOOUTIncompleteCallback
                0x0800686c       0x24 ./USB_DEVICE/Target/usbd_conf.o
                0x0800686c                HAL_PCD_ISOOUTIncompleteCallback
 .text.HAL_PCD_ISOINIncompleteCallback
                0x08006890       0x24 ./USB_DEVICE/Target/usbd_conf.o
                0x08006890                HAL_PCD_ISOINIncompleteCallback
 .text.HAL_PCD_ConnectCallback
                0x080068b4       0x1c ./USB_DEVICE/Target/usbd_conf.o
                0x080068b4                HAL_PCD_ConnectCallback
 .text.HAL_PCD_DisconnectCallback
                0x080068d0       0x1c ./USB_DEVICE/Target/usbd_conf.o
                0x080068d0                HAL_PCD_DisconnectCallback
 .text.USBD_LL_Init
                0x080068ec       0x98 ./USB_DEVICE/Target/usbd_conf.o
                0x080068ec                USBD_LL_Init
 .text.USBD_LL_Start
                0x08006984       0x36 ./USB_DEVICE/Target/usbd_conf.o
                0x08006984                USBD_LL_Start
 .text.USBD_LL_OpenEP
                0x080069ba       0x4c ./USB_DEVICE/Target/usbd_conf.o
                0x080069ba                USBD_LL_OpenEP
 .text.USBD_LL_CloseEP
                0x08006a06       0x3e ./USB_DEVICE/Target/usbd_conf.o
                0x08006a06                USBD_LL_CloseEP
 .text.USBD_LL_StallEP
                0x08006a44       0x3e ./USB_DEVICE/Target/usbd_conf.o
                0x08006a44                USBD_LL_StallEP
 .text.USBD_LL_ClearStallEP
                0x08006a82       0x3e ./USB_DEVICE/Target/usbd_conf.o
                0x08006a82                USBD_LL_ClearStallEP
 .text.USBD_LL_IsStallEP
                0x08006ac0       0x58 ./USB_DEVICE/Target/usbd_conf.o
                0x08006ac0                USBD_LL_IsStallEP
 .text.USBD_LL_SetUSBAddress
                0x08006b18       0x3e ./USB_DEVICE/Target/usbd_conf.o
                0x08006b18                USBD_LL_SetUSBAddress
 .text.USBD_LL_Transmit
                0x08006b56       0x42 ./USB_DEVICE/Target/usbd_conf.o
                0x08006b56                USBD_LL_Transmit
 .text.USBD_LL_PrepareReceive
                0x08006b98       0x42 ./USB_DEVICE/Target/usbd_conf.o
                0x08006b98                USBD_LL_PrepareReceive
 .text.USBD_LL_GetRxDataSize
                0x08006bda       0x26 ./USB_DEVICE/Target/usbd_conf.o
                0x08006bda                USBD_LL_GetRxDataSize
 .text.USBD_static_malloc
                0x08006c00       0x1c ./USB_DEVICE/Target/usbd_conf.o
                0x08006c00                USBD_static_malloc
 .text.USBD_static_free
                0x08006c1c       0x14 ./USB_DEVICE/Target/usbd_conf.o
                0x08006c1c                USBD_static_free
 .text.USBD_Get_USB_Status
                0x08006c30       0x58 ./USB_DEVICE/Target/usbd_conf.o
                0x08006c30                USBD_Get_USB_Status
 .text.memset   0x08006c88       0x10 C:/ST/STM32CubeIDE_1.18.1/STM32CubeIDE/plugins/com.st.stm32cube.ide.mcu.externaltools.gnu-tools-for-stm32.13.3.rel1.win32_1.0.0.202411081344/tools/bin/../lib/gcc/arm-none-eabi/13.3.1/../../../../arm-none-eabi/lib/thumb/v7e-m+fp/hard\libc_nano.a(libc_a-memset.o)
                0x08006c88                memset
 .text.__libc_init_array
                0x08006c98       0x48 C:/ST/STM32CubeIDE_1.18.1/STM32CubeIDE/plugins/com.st.stm32cube.ide.mcu.externaltools.gnu-tools-for-stm32.13.3.rel1.win32_1.0.0.202411081344/tools/bin/../lib/gcc/arm-none-eabi/13.3.1/../../../../arm-none-eabi/lib/thumb/v7e-m+fp/hard\libc_nano.a(libc_a-init.o)
                0x08006c98                __libc_init_array
 *(.glue_7)
 .glue_7        0x08006ce0        0x0 linker stubs
 *(.glue_7t)
 .glue_7t       0x08006ce0        0x0 linker stubs
 *(.eh_frame)
 .eh_frame      0x08006ce0        0x0 C:/ST/STM32CubeIDE_1.18.1/STM32CubeIDE/plugins/com.st.stm32cube.ide.mcu.externaltools.gnu-tools-for-stm32.13.3.rel1.win32_1.0.0.202411081344/tools/bin/../lib/gcc/arm-none-eabi/13.3.1/thumb/v7e-m+fp/hard/crtbegin.o
 *(.init)
 .init          0x08006ce0        0x4 C:/ST/STM32CubeIDE_1.18.1/STM32CubeIDE/plugins/com.st.stm32cube.ide.mcu.externaltools.gnu-tools-for-stm32.13.3.rel1.win32_1.0.0.202411081344/tools/bin/../lib/gcc/arm-none-eabi/13.3.1/thumb/v7e-m+fp/hard/crti.o
                0x08006ce0                _init
 .init          0x08006ce4        0x8 C:/ST/STM32CubeIDE_1.18.1/STM32CubeIDE/plugins/com.st.stm32cube.ide.mcu.externaltools.gnu-tools-for-stm32.13.3.rel1.win32_1.0.0.202411081344/tools/bin/../lib/gcc/arm-none-eabi/13.3.1/thumb/v7e-m+fp/hard/crtn.o
 *(.fini)
 .fini          0x08006cec        0x4 C:/ST/STM32CubeIDE_1.18.1/STM32CubeIDE/plugins/com.st.stm32cube.ide.mcu.externaltools.gnu-tools-for-stm32.13.3.rel1.win32_1.0.0.202411081344/tools/bin/../lib/gcc/arm-none-eabi/13.3.1/thumb/v7e-m+fp/hard/crti.o
                0x08006cec                _fini
 .fini          0x08006cf0        0x8 C:/ST/STM32CubeIDE_1.18.1/STM32CubeIDE/plugins/com.st.stm32cube.ide.mcu.externaltools.gnu-tools-for-stm32.13.3.rel1.win32_1.0.0.202411081344/tools/bin/../lib/gcc/arm-none-eabi/13.3.1/thumb/v7e-m+fp/hard/crtn.o
                0x08006cf8                        . = ALIGN (0x4)
                0x08006cf8                        _etext = .

.vfp11_veneer   0x08006cf8        0x0
 .vfp11_veneer  0x08006cf8        0x0 linker stubs

.v4_bx          0x08006cf8        0x0
 .v4_bx         0x08006cf8        0x0 linker stubs

.iplt           0x08006cf8        0x0
 .iplt          0x08006cf8        0x0 C:/ST/STM32CubeIDE_1.18.1/STM32CubeIDE/plugins/com.st.stm32cube.ide.mcu.externaltools.gnu-tools-for-stm32.13.3.rel1.win32_1.0.0.202411081344/tools/bin/../lib/gcc/arm-none-eabi/13.3.1/thumb/v7e-m+fp/hard/crtbegin.o

.rodata         0x08006cf8       0x6c
                0x08006cf8                        . = ALIGN (0x4)
 *(.rodata)
 .rodata        0x08006cf8       0x11 ./Core/Src/main.o
 *fill*         0x08006d09        0x3 
 .rodata        0x08006d0c       0x46 ./USB_DEVICE/App/usbd_desc.o
 *(.rodata*)
 *fill*         0x08006d52        0x2 
 .rodata.AHBPrescTable
                0x08006d54       0x10 ./Core/Src/system_stm32f4xx.o
                0x08006d54                AHBPrescTable
                0x08006d64                        . = ALIGN (0x4)

.ARM.extab      0x08006d64        0x0
                0x08006d64                        . = ALIGN (0x4)
 *(.ARM.extab* .gnu.linkonce.armextab.*)
                0x08006d64                        . = ALIGN (0x4)

.ARM            0x08006d64        0x8
                0x08006d64                        . = ALIGN (0x4)
                0x08006d64                        __exidx_start = .
 *(.ARM.exidx*)
 .ARM.exidx     0x08006d64        0x8 C:/ST/STM32CubeIDE_1.18.1/STM32CubeIDE/plugins/com.st.stm32cube.ide.mcu.externaltools.gnu-tools-for-stm32.13.3.rel1.win32_1.0.0.202411081344/tools/bin/../lib/gcc/arm-none-eabi/13.3.1/thumb/v7e-m+fp/hard\libgcc.a(_udivmoddi4.o)
                0x08006d6c                        __exidx_end = .
                0x08006d6c                        . = ALIGN (0x4)

.preinit_array  0x08006d6c        0x0
                0x08006d6c                        . = ALIGN (0x4)
                0x08006d6c                        PROVIDE (__preinit_array_start = .)
 *(.preinit_array*)
                0x08006d6c                        PROVIDE (__preinit_array_end = .)
                0x08006d6c                        . = ALIGN (0x4)

.init_array     0x08006d6c        0x4
                0x08006d6c                        . = ALIGN (0x4)
                0x08006d6c                        PROVIDE (__init_array_start = .)
 *(SORT_BY_NAME(.init_array.*))
 *(.init_array*)
 .init_array    0x08006d6c        0x4 C:/ST/STM32CubeIDE_1.18.1/STM32CubeIDE/plugins/com.st.stm32cube.ide.mcu.externaltools.gnu-tools-for-stm32.13.3.rel1.win32_1.0.0.202411081344/tools/bin/../lib/gcc/arm-none-eabi/13.3.1/thumb/v7e-m+fp/hard/crtbegin.o
                0x08006d70                        PROVIDE (__init_array_end = .)
                0x08006d70                        . = ALIGN (0x4)

.fini_array     0x08006d70        0x4
                0x08006d70                        . = ALIGN (0x4)
                [!provide]                        PROVIDE (__fini_array_start = .)
 *(SORT_BY_NAME(.fini_array.*))
 *(.fini_array*)
 .fini_array    0x08006d70        0x4 C:/ST/STM32CubeIDE_1.18.1/STM32CubeIDE/plugins/com.st.stm32cube.ide.mcu.externaltools.gnu-tools-for-stm32.13.3.rel1.win32_1.0.0.202411081344/tools/bin/../lib/gcc/arm-none-eabi/13.3.1/thumb/v7e-m+fp/hard/crtbegin.o
                [!provide]                        PROVIDE (__fini_array_end = .)
                0x08006d74                        . = ALIGN (0x4)
                0x08006d74                        _sidata = LOADADDR (.data)

.rel.dyn        0x08006d74        0x0
 .rel.iplt      0x08006d74        0x0 C:/ST/STM32CubeIDE_1.18.1/STM32CubeIDE/plugins/com.st.stm32cube.ide.mcu.externaltools.gnu-tools-for-stm32.13.3.rel1.win32_1.0.0.202411081344/tools/bin/../lib/gcc/arm-none-eabi/13.3.1/thumb/v7e-m+fp/hard/crtbegin.o

.data           0x20000000       0xfc load address 0x08006d74
                0x20000000                        . = ALIGN (0x4)
                0x20000000                        _sdata = .
 *(.data)
 *(.data*)
 .data.SystemCoreClock
                0x20000000        0x4 ./Core/Src/system_stm32f4xx.o
                0x20000000                SystemCoreClock
 .data.uwTickPrio
                0x20000004        0x4 ./Drivers/STM32F4xx_HAL_Driver/Src/stm32f4xx_hal.o
                0x20000004                uwTickPrio
 .data.uwTickFreq
                0x20000008        0x1 ./Drivers/STM32F4xx_HAL_Driver/Src/stm32f4xx_hal.o
                0x20000008                uwTickFreq
 *fill*         0x20000009        0x3 
 .data.USBD_CDC_DeviceQualifierDesc
                0x2000000c        0xa ./Middlewares/ST/STM32_USB_Device_Library/Class/CDC/Src/usbd_cdc.o
 *fill*         0x20000016        0x2 
 .data.USBD_CDC
                0x20000018       0x38 ./Middlewares/ST/STM32_USB_Device_Library/Class/CDC/Src/usbd_cdc.o
                0x20000018                USBD_CDC
 .data.USBD_CDC_CfgDesc
                0x20000050       0x43 ./Middlewares/ST/STM32_USB_Device_Library/Class/CDC/Src/usbd_cdc.o
 .data.CDCInEpAdd
                0x20000093        0x1 ./Middlewares/ST/STM32_USB_Device_Library/Class/CDC/Src/usbd_cdc.o
 .data.CDCOutEpAdd
                0x20000094        0x1 ./Middlewares/ST/STM32_USB_Device_Library/Class/CDC/Src/usbd_cdc.o
 .data.CDCCmdEpAdd
                0x20000095        0x1 ./Middlewares/ST/STM32_USB_Device_Library/Class/CDC/Src/usbd_cdc.o
 *fill*         0x20000096        0x2 
 .data.USBD_Interface_fops_FS
                0x20000098       0x14 ./USB_DEVICE/App/usbd_cdc_if.o
                0x20000098                USBD_Interface_fops_FS
 .data.FS_Desc  0x200000ac       0x1c ./USB_DEVICE/App/usbd_desc.o
                0x200000ac                FS_Desc
 .data.USBD_FS_DeviceDesc
                0x200000c8       0x12 ./USB_DEVICE/App/usbd_desc.o
                0x200000c8                USBD_FS_DeviceDesc
 *fill*         0x200000da        0x2 
 .data.USBD_LangIDDesc
                0x200000dc        0x4 ./USB_DEVICE/App/usbd_desc.o
                0x200000dc                USBD_LangIDDesc
 .data.USBD_StringSerial
                0x200000e0       0x1a ./USB_DEVICE/App/usbd_desc.o
                0x200000e0                USBD_StringSerial
 *(.RamFunc)
 *(.RamFunc*)
                0x200000fc                        . = ALIGN (0x4)
 *fill*         0x200000fa        0x2 
                0x200000fc                        _edata = .

.igot.plt       0x200000fc        0x0 load address 0x08006e70
 .igot.plt      0x200000fc        0x0 C:/ST/STM32CubeIDE_1.18.1/STM32CubeIDE/plugins/com.st.stm32cube.ide.mcu.externaltools.gnu-tools-for-stm32.13.3.rel1.win32_1.0.0.202411081344/tools/bin/../lib/gcc/arm-none-eabi/13.3.1/thumb/v7e-m+fp/hard/crtbegin.o
                0x200000fc                        . = ALIGN (0x4)

.bss            0x200000fc     0x1c04 load address 0x08006e70
                0x200000fc                        _sbss = .
                0x200000fc                        __bss_start__ = _sbss
 *(.bss)
 .bss           0x200000fc       0x1c C:/ST/STM32CubeIDE_1.18.1/STM32CubeIDE/plugins/com.st.stm32cube.ide.mcu.externaltools.gnu-tools-for-stm32.13.3.rel1.win32_1.0.0.202411081344/tools/bin/../lib/gcc/arm-none-eabi/13.3.1/thumb/v7e-m+fp/hard/crtbegin.o
 *(.bss*)
 .bss.uwTick    0x20000118        0x4 ./Drivers/STM32F4xx_HAL_Driver/Src/stm32f4xx_hal.o
                0x20000118                uwTick
 .bss.cfgidx.0  0x2000011c        0x1 ./Middlewares/ST/STM32_USB_Device_Library/Core/Src/usbd_ctlreq.o
 *fill*         0x2000011d        0x3 
 .bss.hUsbDeviceFS
                0x20000120      0x2dc ./USB_DEVICE/App/usb_device.o
                0x20000120                hUsbDeviceFS
 .bss.UserRxBufferFS
                0x200003fc      0x800 ./USB_DEVICE/App/usbd_cdc_if.o
                0x200003fc                UserRxBufferFS
 .bss.UserTxBufferFS
                0x20000bfc      0x800 ./USB_DEVICE/App/usbd_cdc_if.o
                0x20000bfc                UserTxBufferFS
 .bss.USBD_StrDesc
                0x200013fc      0x200 ./USB_DEVICE/App/usbd_desc.o
                0x200013fc                USBD_StrDesc
 .bss.hpcd_USB_OTG_FS
                0x200015fc      0x4e4 ./USB_DEVICE/Target/usbd_conf.o
                0x200015fc                hpcd_USB_OTG_FS
 .bss.mem.0     0x20001ae0      0x220 ./USB_DEVICE/Target/usbd_conf.o
 *(COMMON)
                0x20001d00                        . = ALIGN (0x4)
                0x20001d00                        _ebss = .
                0x20001d00                        __bss_end__ = _ebss

._user_heap_stack
                0x20001d00      0x600 load address 0x08006e70
                0x20001d00                        . = ALIGN (0x8)
                [!provide]                        PROVIDE (end = .)
                0x20001d00                        PROVIDE (_end = .)
                0x20001f00                        . = (. + _Min_Heap_Size)
 *fill*         0x20001d00      0x200 
                0x20002300                        . = (. + _Min_Stack_Size)
 *fill*         0x20001f00      0x400 
                0x20002300                        . = ALIGN (0x8)

/DISCARD/
 libc.a(*)
 libm.a(*)
 libgcc.a(*)

.ARM.attributes
                0x00000000       0x30
 *(.ARM.attributes)
 .ARM.attributes
                0x00000000       0x22 C:/ST/STM32CubeIDE_1.18.1/STM32CubeIDE/plugins/com.st.stm32cube.ide.mcu.externaltools.gnu-tools-for-stm32.13.3.rel1.win32_1.0.0.202411081344/tools/bin/../lib/gcc/arm-none-eabi/13.3.1/thumb/v7e-m+fp/hard/crti.o
 .ARM.attributes
                0x00000022       0x34 C:/ST/STM32CubeIDE_1.18.1/STM32CubeIDE/plugins/com.st.stm32cube.ide.mcu.externaltools.gnu-tools-for-stm32.13.3.rel1.win32_1.0.0.202411081344/tools/bin/../lib/gcc/arm-none-eabi/13.3.1/thumb/v7e-m+fp/hard/crtbegin.o
 .ARM.attributes
                0x00000056       0x34 ./Core/Src/gpio.o
 .ARM.attributes
                0x0000008a       0x34 ./Core/Src/main.o
 .ARM.attributes
                0x000000be       0x34 ./Core/Src/stm32f4xx_hal_msp.o
 .ARM.attributes
                0x000000f2       0x34 ./Core/Src/stm32f4xx_it.o
 .ARM.attributes
                0x00000126       0x34 ./Core/Src/system_stm32f4xx.o
 .ARM.attributes
                0x0000015a       0x21 ./Core/Startup/startup_stm32f411ceux.o
 .ARM.attributes
                0x0000017b       0x34 ./Drivers/STM32F4xx_HAL_Driver/Src/stm32f4xx_hal.o
 .ARM.attributes
                0x000001af       0x34 ./Drivers/STM32F4xx_HAL_Driver/Src/stm32f4xx_hal_cortex.o
 .ARM.attributes
                0x000001e3       0x34 ./Drivers/STM32F4xx_HAL_Driver/Src/stm32f4xx_hal_gpio.o
 .ARM.attributes
                0x00000217       0x34 ./Drivers/STM32F4xx_HAL_Driver/Src/stm32f4xx_hal_pcd.o
 .ARM.attributes
                0x0000024b       0x34 ./Drivers/STM32F4xx_HAL_Driver/Src/stm32f4xx_hal_pcd_ex.o
 .ARM.attributes
                0x0000027f       0x34 ./Drivers/STM32F4xx_HAL_Driver/Src/stm32f4xx_hal_rcc.o
 .ARM.attributes
                0x000002b3       0x34 ./Drivers/STM32F4xx_HAL_Driver/Src/stm32f4xx_ll_usb.o
 .ARM.attributes
                0x000002e7       0x34 ./Middlewares/ST/STM32_USB_Device_Library/Class/CDC/Src/usbd_cdc.o
 .ARM.attributes
                0x0000031b       0x34 ./Middlewares/ST/STM32_USB_Device_Library/Core/Src/usbd_core.o
 .ARM.attributes
                0x0000034f       0x34 ./Middlewares/ST/STM32_USB_Device_Library/Core/Src/usbd_ctlreq.o
 .ARM.attributes
                0x00000383       0x34 ./Middlewares/ST/STM32_USB_Device_Library/Core/Src/usbd_ioreq.o
 .ARM.attributes
                0x000003b7       0x34 ./USB_DEVICE/App/usb_device.o
 .ARM.attributes
                0x000003eb       0x34 ./USB_DEVICE/App/usbd_cdc_if.o
 .ARM.attributes
                0x0000041f       0x34 ./USB_DEVICE/App/usbd_desc.o
 .ARM.attributes
                0x00000453       0x34 ./USB_DEVICE/Target/usbd_conf.o
 .ARM.attributes
                0x00000487       0x34 C:/ST/STM32CubeIDE_1.18.1/STM32CubeIDE/plugins/com.st.stm32cube.ide.mcu.externaltools.gnu-tools-for-stm32.13.3.rel1.win32_1.0.0.202411081344/tools/bin/../lib/gcc/arm-none-eabi/13.3.1/../../../../arm-none-eabi/lib/thumb/v7e-m+fp/hard\libc_nano.a(libc_a-memset.o)
 .ARM.attributes
                0x000004bb       0x34 C:/ST/STM32CubeIDE_1.18.1/STM32CubeIDE/plugins/com.st.stm32cube.ide.mcu.externaltools.gnu-tools-for-stm32.13.3.rel1.win32_1.0.0.202411081344/tools/bin/../lib/gcc/arm-none-eabi/13.3.1/../../../../arm-none-eabi/lib/thumb/v7e-m+fp/hard\libc_nano.a(libc_a-init.o)
 .ARM.attributes
                0x000004ef       0x22 C:/ST/STM32CubeIDE_1.18.1/STM32CubeIDE/plugins/com.st.stm32cube.ide.mcu.externaltools.gnu-tools-for-stm32.13.3.rel1.win32_1.0.0.202411081344/tools/bin/../lib/gcc/arm-none-eabi/13.3.1/thumb/v7e-m+fp/hard\libgcc.a(_aeabi_uldivmod.o)
 .ARM.attributes
                0x00000511       0x34 C:/ST/STM32CubeIDE_1.18.1/STM32CubeIDE/plugins/com.st.stm32cube.ide.mcu.externaltools.gnu-tools-for-stm32.13.3.rel1.win32_1.0.0.202411081344/tools/bin/../lib/gcc/arm-none-eabi/13.3.1/thumb/v7e-m+fp/hard\libgcc.a(_udivmoddi4.o)
 .ARM.attributes
                0x00000545       0x22 C:/ST/STM32CubeIDE_1.18.1/STM32CubeIDE/plugins/com.st.stm32cube.ide.mcu.externaltools.gnu-tools-for-stm32.13.3.rel1.win32_1.0.0.202411081344/tools/bin/../lib/gcc/arm-none-eabi/13.3.1/thumb/v7e-m+fp/hard\libgcc.a(_dvmd_tls.o)
 .ARM.attributes
                0x00000567       0x22 C:/ST/STM32CubeIDE_1.18.1/STM32CubeIDE/plugins/com.st.stm32cube.ide.mcu.externaltools.gnu-tools-for-stm32.13.3.rel1.win32_1.0.0.202411081344/tools/bin/../lib/gcc/arm-none-eabi/13.3.1/thumb/v7e-m+fp/hard/crtn.o
OUTPUT(Drone_PWM_MPU6050.elf elf32-littlearm)
LOAD linker stubs
LOAD C:/ST/STM32CubeIDE_1.18.1/STM32CubeIDE/plugins/com.st.stm32cube.ide.mcu.externaltools.gnu-tools-for-stm32.13.3.rel1.win32_1.0.0.202411081344/tools/bin/../lib/gcc/arm-none-eabi/13.3.1/../../../../arm-none-eabi/lib/thumb/v7e-m+fp/hard\libc.a
LOAD C:/ST/STM32CubeIDE_1.18.1/STM32CubeIDE/plugins/com.st.stm32cube.ide.mcu.externaltools.gnu-tools-for-stm32.13.3.rel1.win32_1.0.0.202411081344/tools/bin/../lib/gcc/arm-none-eabi/13.3.1/../../../../arm-none-eabi/lib/thumb/v7e-m+fp/hard\libm.a
LOAD C:/ST/STM32CubeIDE_1.18.1/STM32CubeIDE/plugins/com.st.stm32cube.ide.mcu.externaltools.gnu-tools-for-stm32.13.3.rel1.win32_1.0.0.202411081344/tools/bin/../lib/gcc/arm-none-eabi/13.3.1/thumb/v7e-m+fp/hard\libgcc.a

.debug_info     0x00000000     0xd7e9
 .debug_info    0x00000000      0x417 ./Core/Src/gpio.o
 .debug_info    0x00000417      0x66b ./Core/Src/main.o
 .debug_info    0x00000a82      0x291 ./Core/Src/stm32f4xx_hal_msp.o
 .debug_info    0x00000d13      0x627 ./Core/Src/stm32f4xx_it.o
 .debug_info    0x0000133a      0x53e ./Core/Src/system_stm32f4xx.o
 .debug_info    0x00001878       0x30 ./Core/Startup/startup_stm32f411ceux.o
 .debug_info    0x000018a8      0x8c4 ./Drivers/STM32F4xx_HAL_Driver/Src/stm32f4xx_hal.o
 .debug_info    0x0000216c      0xcfc ./Drivers/STM32F4xx_HAL_Driver/Src/stm32f4xx_hal_cortex.o
 .debug_info    0x00002e68      0x6f9 ./Drivers/STM32F4xx_HAL_Driver/Src/stm32f4xx_hal_gpio.o
 .debug_info    0x00003561     0x1577 ./Drivers/STM32F4xx_HAL_Driver/Src/stm32f4xx_hal_pcd.o
 .debug_info    0x00004ad8      0x6ea ./Drivers/STM32F4xx_HAL_Driver/Src/stm32f4xx_hal_pcd_ex.o
 .debug_info    0x000051c2      0x904 ./Drivers/STM32F4xx_HAL_Driver/Src/stm32f4xx_hal_rcc.o
 .debug_info    0x00005ac6     0x1993 ./Drivers/STM32F4xx_HAL_Driver/Src/stm32f4xx_ll_usb.o
 .debug_info    0x00007459     0x12b1 ./Middlewares/ST/STM32_USB_Device_Library/Class/CDC/Src/usbd_cdc.o
 .debug_info    0x0000870a      0xe12 ./Middlewares/ST/STM32_USB_Device_Library/Core/Src/usbd_core.o
 .debug_info    0x0000951c      0xaeb ./Middlewares/ST/STM32_USB_Device_Library/Core/Src/usbd_ctlreq.o
 .debug_info    0x0000a007      0x762 ./Middlewares/ST/STM32_USB_Device_Library/Core/Src/usbd_ioreq.o
 .debug_info    0x0000a769      0x70e ./USB_DEVICE/App/usb_device.o
 .debug_info    0x0000ae77      0x907 ./USB_DEVICE/App/usbd_cdc_if.o
 .debug_info    0x0000b77e      0x458 ./USB_DEVICE/App/usbd_desc.o
 .debug_info    0x0000bbd6     0x1c13 ./USB_DEVICE/Target/usbd_conf.o

.debug_abbrev   0x00000000     0x2b3d
 .debug_abbrev  0x00000000      0x151 ./Core/Src/gpio.o
 .debug_abbrev  0x00000151      0x255 ./Core/Src/main.o
 .debug_abbrev  0x000003a6       0xd8 ./Core/Src/stm32f4xx_hal_msp.o
 .debug_abbrev  0x0000047e      0x1a4 ./Core/Src/stm32f4xx_it.o
 .debug_abbrev  0x00000622      0x11a ./Core/Src/system_stm32f4xx.o
 .debug_abbrev  0x0000073c       0x24 ./Core/Startup/startup_stm32f411ceux.o
 .debug_abbrev  0x00000760      0x24b ./Drivers/STM32F4xx_HAL_Driver/Src/stm32f4xx_hal.o
 .debug_abbrev  0x000009ab      0x31d ./Drivers/STM32F4xx_HAL_Driver/Src/stm32f4xx_hal_cortex.o
 .debug_abbrev  0x00000cc8      0x1d3 ./Drivers/STM32F4xx_HAL_Driver/Src/stm32f4xx_hal_gpio.o
 .debug_abbrev  0x00000e9b      0x2b6 ./Drivers/STM32F4xx_HAL_Driver/Src/stm32f4xx_hal_pcd.o
 .debug_abbrev  0x00001151      0x1da ./Drivers/STM32F4xx_HAL_Driver/Src/stm32f4xx_hal_pcd_ex.o
 .debug_abbrev  0x0000132b      0x2b6 ./Drivers/STM32F4xx_HAL_Driver/Src/stm32f4xx_hal_rcc.o
 .debug_abbrev  0x000015e1      0x2b3 ./Drivers/STM32F4xx_HAL_Driver/Src/stm32f4xx_ll_usb.o
 .debug_abbrev  0x00001894      0x2d2 ./Middlewares/ST/STM32_USB_Device_Library/Class/CDC/Src/usbd_cdc.o
 .debug_abbrev  0x00001b66      0x27c ./Middlewares/ST/STM32_USB_Device_Library/Core/Src/usbd_core.o
 .debug_abbrev  0x00001de2      0x26f ./Middlewares/ST/STM32_USB_Device_Library/Core/Src/usbd_ctlreq.o
 .debug_abbrev  0x00002051      0x19a ./Middlewares/ST/STM32_USB_Device_Library/Core/Src/usbd_ioreq.o
 .debug_abbrev  0x000021eb      0x195 ./USB_DEVICE/App/usb_device.o
 .debug_abbrev  0x00002380      0x29d ./USB_DEVICE/App/usbd_cdc_if.o
 .debug_abbrev  0x0000261d      0x1e1 ./USB_DEVICE/App/usbd_desc.o
 .debug_abbrev  0x000027fe      0x33f ./USB_DEVICE/Target/usbd_conf.o

.debug_aranges  0x00000000      0xb70
 .debug_aranges
                0x00000000       0x20 ./Core/Src/gpio.o
 .debug_aranges
                0x00000020       0x38 ./Core/Src/main.o
 .debug_aranges
                0x00000058       0x20 ./Core/Src/stm32f4xx_hal_msp.o
 .debug_aranges
                0x00000078       0x68 ./Core/Src/stm32f4xx_it.o
 .debug_aranges
                0x000000e0       0x28 ./Core/Src/system_stm32f4xx.o
 .debug_aranges
                0x00000108       0x28 ./Core/Startup/startup_stm32f411ceux.o
 .debug_aranges
                0x00000130       0xf0 ./Drivers/STM32F4xx_HAL_Driver/Src/stm32f4xx_hal.o
 .debug_aranges
                0x00000220      0x130 ./Drivers/STM32F4xx_HAL_Driver/Src/stm32f4xx_hal_cortex.o
 .debug_aranges
                0x00000350       0x58 ./Drivers/STM32F4xx_HAL_Driver/Src/stm32f4xx_hal_gpio.o
 .debug_aranges
                0x000003a8      0x148 ./Drivers/STM32F4xx_HAL_Driver/Src/stm32f4xx_hal_pcd.o
 .debug_aranges
                0x000004f0       0x38 ./Drivers/STM32F4xx_HAL_Driver/Src/stm32f4xx_hal_pcd_ex.o
 .debug_aranges
                0x00000528       0x88 ./Drivers/STM32F4xx_HAL_Driver/Src/stm32f4xx_hal_rcc.o
 .debug_aranges
                0x000005b0      0x1a0 ./Drivers/STM32F4xx_HAL_Driver/Src/stm32f4xx_ll_usb.o
 .debug_aranges
                0x00000750       0x90 ./Middlewares/ST/STM32_USB_Device_Library/Class/CDC/Src/usbd_cdc.o
 .debug_aranges
                0x000007e0       0xd8 ./Middlewares/ST/STM32_USB_Device_Library/Core/Src/usbd_core.o
 .debug_aranges
                0x000008b8       0x90 ./Middlewares/ST/STM32_USB_Device_Library/Core/Src/usbd_ctlreq.o
 .debug_aranges
                0x00000948       0x50 ./Middlewares/ST/STM32_USB_Device_Library/Core/Src/usbd_ioreq.o
 .debug_aranges
                0x00000998       0x20 ./USB_DEVICE/App/usb_device.o
 .debug_aranges
                0x000009b8       0x48 ./USB_DEVICE/App/usbd_cdc_if.o
 .debug_aranges
                0x00000a00       0x60 ./USB_DEVICE/App/usbd_desc.o
 .debug_aranges
                0x00000a60      0x110 ./USB_DEVICE/Target/usbd_conf.o

.debug_rnglists
                0x00000000      0x867
 .debug_rnglists
                0x00000000       0x14 ./Core/Src/gpio.o
 .debug_rnglists
                0x00000014       0x26 ./Core/Src/main.o
 .debug_rnglists
                0x0000003a       0x13 ./Core/Src/stm32f4xx_hal_msp.o
 .debug_rnglists
                0x0000004d       0x49 ./Core/Src/stm32f4xx_it.o
 .debug_rnglists
                0x00000096       0x1a ./Core/Src/system_stm32f4xx.o
 .debug_rnglists
                0x000000b0       0x19 ./Core/Startup/startup_stm32f411ceux.o
 .debug_rnglists
                0x000000c9       0xaf ./Drivers/STM32F4xx_HAL_Driver/Src/stm32f4xx_hal.o
 .debug_rnglists
                0x00000178       0xe0 ./Drivers/STM32F4xx_HAL_Driver/Src/stm32f4xx_hal_cortex.o
 .debug_rnglists
                0x00000258       0x3f ./Drivers/STM32F4xx_HAL_Driver/Src/stm32f4xx_hal_gpio.o
 .debug_rnglists
                0x00000297       0xfa ./Drivers/STM32F4xx_HAL_Driver/Src/stm32f4xx_hal_pcd.o
 .debug_rnglists
                0x00000391       0x26 ./Drivers/STM32F4xx_HAL_Driver/Src/stm32f4xx_hal_pcd_ex.o
 .debug_rnglists
                0x000003b7       0x66 ./Drivers/STM32F4xx_HAL_Driver/Src/stm32f4xx_hal_rcc.o
 .debug_rnglists
                0x0000041d      0x147 ./Drivers/STM32F4xx_HAL_Driver/Src/stm32f4xx_ll_usb.o
 .debug_rnglists
                0x00000564       0x6c ./Middlewares/ST/STM32_USB_Device_Library/Class/CDC/Src/usbd_cdc.o
 .debug_rnglists
                0x000005d0       0xa1 ./Middlewares/ST/STM32_USB_Device_Library/Core/Src/usbd_core.o
 .debug_rnglists
                0x00000671       0x6e ./Middlewares/ST/STM32_USB_Device_Library/Core/Src/usbd_ctlreq.o
 .debug_rnglists
                0x000006df       0x37 ./Middlewares/ST/STM32_USB_Device_Library/Core/Src/usbd_ioreq.o
 .debug_rnglists
                0x00000716       0x13 ./USB_DEVICE/App/usb_device.o
 .debug_rnglists
                0x00000729       0x32 ./USB_DEVICE/App/usbd_cdc_if.o
 .debug_rnglists
                0x0000075b       0x43 ./USB_DEVICE/App/usbd_desc.o
 .debug_rnglists
                0x0000079e       0xc9 ./USB_DEVICE/Target/usbd_conf.o

.debug_macro    0x00000000    0x17eb8
 .debug_macro   0x00000000      0x1ed ./Core/Src/gpio.o
 .debug_macro   0x000001ed      0xad8 ./Core/Src/gpio.o
 .debug_macro   0x00000cc5      0x295 ./Core/Src/gpio.o
 .debug_macro   0x00000f5a       0x2e ./Core/Src/gpio.o
 .debug_macro   0x00000f88       0x28 ./Core/Src/gpio.o
 .debug_macro   0x00000fb0       0x22 ./Core/Src/gpio.o
 .debug_macro   0x00000fd2       0x8e ./Core/Src/gpio.o
 .debug_macro   0x00001060       0x51 ./Core/Src/gpio.o
 .debug_macro   0x000010b1      0x103 ./Core/Src/gpio.o
 .debug_macro   0x000011b4       0x6a ./Core/Src/gpio.o
 .debug_macro   0x0000121e      0x1df ./Core/Src/gpio.o
 .debug_macro   0x000013fd       0x1c ./Core/Src/gpio.o
 .debug_macro   0x00001419       0x22 ./Core/Src/gpio.o
 .debug_macro   0x0000143b       0xfb ./Core/Src/gpio.o
 .debug_macro   0x00001536     0x1011 ./Core/Src/gpio.o
 .debug_macro   0x00002547      0x11f ./Core/Src/gpio.o
 .debug_macro   0x00002666     0xb968 ./Core/Src/gpio.o
 .debug_macro   0x0000dfce       0x6d ./Core/Src/gpio.o
 .debug_macro   0x0000e03b     0x3693 ./Core/Src/gpio.o
 .debug_macro   0x000116ce      0x190 ./Core/Src/gpio.o
 .debug_macro   0x0001185e       0x5c ./Core/Src/gpio.o
 .debug_macro   0x000118ba      0x45c ./Core/Src/gpio.o
 .debug_macro   0x00011d16      0x9e9 ./Core/Src/gpio.o
 .debug_macro   0x000126ff      0x115 ./Core/Src/gpio.o
 .debug_macro   0x00012814      0x11b ./Core/Src/gpio.o
 .debug_macro   0x0001292f       0xa5 ./Core/Src/gpio.o
 .debug_macro   0x000129d4      0x15f ./Core/Src/gpio.o
 .debug_macro   0x00012b33      0x287 ./Core/Src/gpio.o
 .debug_macro   0x00012dba       0x5f ./Core/Src/gpio.o
 .debug_macro   0x00012e19      0x236 ./Core/Src/gpio.o
 .debug_macro   0x0001304f      0x132 ./Core/Src/gpio.o
 .debug_macro   0x00013181      0x264 ./Core/Src/gpio.o
 .debug_macro   0x000133e5       0x2e ./Core/Src/gpio.o
 .debug_macro   0x00013413      0x127 ./Core/Src/gpio.o
 .debug_macro   0x0001353a       0x85 ./Core/Src/gpio.o
 .debug_macro   0x000135bf       0x89 ./Core/Src/gpio.o
 .debug_macro   0x00013648      0x293 ./Core/Src/gpio.o
 .debug_macro   0x000138db       0xba ./Core/Src/gpio.o
 .debug_macro   0x00013995      0x126 ./Core/Src/gpio.o
 .debug_macro   0x00013abb       0x10 ./Core/Src/gpio.o
 .debug_macro   0x00013acb      0x39f ./Core/Src/main.o
 .debug_macro   0x00013e6a       0x61 ./Core/Src/main.o
 .debug_macro   0x00013ecb       0x2a ./Core/Src/main.o
 .debug_macro   0x00013ef5       0x43 ./Core/Src/main.o
 .debug_macro   0x00013f38       0x34 ./Core/Src/main.o
 .debug_macro   0x00013f6c       0x16 ./Core/Src/main.o
 .debug_macro   0x00013f82       0x3c ./Core/Src/main.o
 .debug_macro   0x00013fbe      0x370 ./Core/Src/main.o
 .debug_macro   0x0001432e       0x10 ./Core/Src/main.o
 .debug_macro   0x0001433e       0x16 ./Core/Src/main.o
 .debug_macro   0x00014354       0x4a ./Core/Src/main.o
 .debug_macro   0x0001439e       0x34 ./Core/Src/main.o
 .debug_macro   0x000143d2       0x10 ./Core/Src/main.o
 .debug_macro   0x000143e2       0x58 ./Core/Src/main.o
 .debug_macro   0x0001443a       0x8e ./Core/Src/main.o
 .debug_macro   0x000144c8       0x1c ./Core/Src/main.o
 .debug_macro   0x000144e4      0x185 ./Core/Src/main.o
 .debug_macro   0x00014669       0x16 ./Core/Src/main.o
 .debug_macro   0x0001467f       0x16 ./Core/Src/main.o
 .debug_macro   0x00014695      0x146 ./Core/Src/main.o
 .debug_macro   0x000147db       0x16 ./Core/Src/main.o
 .debug_macro   0x000147f1       0x16 ./Core/Src/main.o
 .debug_macro   0x00014807       0x29 ./Core/Src/main.o
 .debug_macro   0x00014830       0x16 ./Core/Src/main.o
 .debug_macro   0x00014846       0x20 ./Core/Src/main.o
 .debug_macro   0x00014866       0x65 ./Core/Src/main.o
 .debug_macro   0x000148cb      0x20f ./Core/Src/main.o
 .debug_macro   0x00014ada       0x95 ./Core/Src/main.o
 .debug_macro   0x00014b6f       0x10 ./Core/Src/main.o
 .debug_macro   0x00014b7f      0x1e3 ./Core/Src/stm32f4xx_hal_msp.o
 .debug_macro   0x00014d62      0x1ed ./Core/Src/stm32f4xx_it.o
 .debug_macro   0x00014f4f      0x1d4 ./Core/Src/system_stm32f4xx.o
 .debug_macro   0x00015123      0x234 ./Drivers/STM32F4xx_HAL_Driver/Src/stm32f4xx_hal.o
 .debug_macro   0x00015357      0x1d4 ./Drivers/STM32F4xx_HAL_Driver/Src/stm32f4xx_hal_cortex.o
 .debug_macro   0x0001552b      0x1da ./Drivers/STM32F4xx_HAL_Driver/Src/stm32f4xx_hal_gpio.o
 .debug_macro   0x00015705      0x1e0 ./Drivers/STM32F4xx_HAL_Driver/Src/stm32f4xx_hal_pcd.o
 .debug_macro   0x000158e5      0x1d4 ./Drivers/STM32F4xx_HAL_Driver/Src/stm32f4xx_hal_pcd_ex.o
 .debug_macro   0x00015ab9      0x1f8 ./Drivers/STM32F4xx_HAL_Driver/Src/stm32f4xx_hal_rcc.o
 .debug_macro   0x00015cb1      0x1d4 ./Drivers/STM32F4xx_HAL_Driver/Src/stm32f4xx_ll_usb.o
 .debug_macro   0x00015e85      0x372 ./Middlewares/ST/STM32_USB_Device_Library/Class/CDC/Src/usbd_cdc.o
 .debug_macro   0x000161f7       0x9e ./Middlewares/ST/STM32_USB_Device_Library/Class/CDC/Src/usbd_cdc.o
 .debug_macro   0x00016295      0x112 ./Middlewares/ST/STM32_USB_Device_Library/Class/CDC/Src/usbd_cdc.o
 .debug_macro   0x000163a7       0x56 ./Middlewares/ST/STM32_USB_Device_Library/Class/CDC/Src/usbd_cdc.o
 .debug_macro   0x000163fd      0x359 ./Middlewares/ST/STM32_USB_Device_Library/Core/Src/usbd_core.o
 .debug_macro   0x00016756      0x215 ./Middlewares/ST/STM32_USB_Device_Library/Core/Src/usbd_core.o
 .debug_macro   0x0001696b      0x363 ./Middlewares/ST/STM32_USB_Device_Library/Core/Src/usbd_ctlreq.o
 .debug_macro   0x00016cce      0x35f ./Middlewares/ST/STM32_USB_Device_Library/Core/Src/usbd_ioreq.o
 .debug_macro   0x0001702d      0x392 ./USB_DEVICE/App/usb_device.o
 .debug_macro   0x000173bf       0x16 ./USB_DEVICE/App/usb_device.o
 .debug_macro   0x000173d5       0x22 ./USB_DEVICE/App/usb_device.o
 .debug_macro   0x000173f7       0x16 ./USB_DEVICE/App/usb_device.o
 .debug_macro   0x0001740d      0x37d ./USB_DEVICE/App/usbd_cdc_if.o
 .debug_macro   0x0001778a      0x39c ./USB_DEVICE/App/usbd_desc.o
 .debug_macro   0x00017b26       0x1c ./USB_DEVICE/App/usbd_desc.o
 .debug_macro   0x00017b42      0x376 ./USB_DEVICE/Target/usbd_conf.o

.debug_line     0x00000000     0xfac9
 .debug_line    0x00000000      0x753 ./Core/Src/gpio.o
 .debug_line    0x00000753      0xa9e ./Core/Src/main.o
 .debug_line    0x000011f1      0x744 ./Core/Src/stm32f4xx_hal_msp.o
 .debug_line    0x00001935      0x80b ./Core/Src/stm32f4xx_it.o
 .debug_line    0x00002140      0x7ba ./Core/Src/system_stm32f4xx.o
 .debug_line    0x000028fa       0x7a ./Core/Startup/startup_stm32f411ceux.o
 .debug_line    0x00002974      0xa36 ./Drivers/STM32F4xx_HAL_Driver/Src/stm32f4xx_hal.o
 .debug_line    0x000033aa      0xd06 ./Drivers/STM32F4xx_HAL_Driver/Src/stm32f4xx_hal_cortex.o
 .debug_line    0x000040b0      0xb52 ./Drivers/STM32F4xx_HAL_Driver/Src/stm32f4xx_hal_gpio.o
 .debug_line    0x00004c02     0x1481 ./Drivers/STM32F4xx_HAL_Driver/Src/stm32f4xx_hal_pcd.o
 .debug_line    0x00006083      0x7ff ./Drivers/STM32F4xx_HAL_Driver/Src/stm32f4xx_hal_pcd_ex.o
 .debug_line    0x00006882      0xe43 ./Drivers/STM32F4xx_HAL_Driver/Src/stm32f4xx_hal_rcc.o
 .debug_line    0x000076c5     0x1d0e ./Drivers/STM32F4xx_HAL_Driver/Src/stm32f4xx_ll_usb.o
 .debug_line    0x000093d3      0xea3 ./Middlewares/ST/STM32_USB_Device_Library/Class/CDC/Src/usbd_cdc.o
 .debug_line    0x0000a276      0xf5b ./Middlewares/ST/STM32_USB_Device_Library/Core/Src/usbd_core.o
 .debug_line    0x0000b1d1     0x111d ./Middlewares/ST/STM32_USB_Device_Library/Core/Src/usbd_ctlreq.o
 .debug_line    0x0000c2ee      0xa62 ./Middlewares/ST/STM32_USB_Device_Library/Core/Src/usbd_ioreq.o
 .debug_line    0x0000cd50      0xa28 ./USB_DEVICE/App/usb_device.o
 .debug_line    0x0000d778      0xa7b ./USB_DEVICE/App/usbd_cdc_if.o
 .debug_line    0x0000e1f3      0xad1 ./USB_DEVICE/App/usbd_desc.o
 .debug_line    0x0000ecc4      0xe05 ./USB_DEVICE/Target/usbd_conf.o

.debug_str      0x00000000    0x8716c
 .debug_str     0x00000000    0x8716c ./Core/Src/gpio.o
                              0x7f6f3 (size before relaxing)
 .debug_str     0x0008716c    0x83f5c ./Core/Src/main.o
 .debug_str     0x0008716c    0x7f628 ./Core/Src/stm32f4xx_hal_msp.o
 .debug_str     0x0008716c    0x7f9cf ./Core/Src/stm32f4xx_it.o
 .debug_str     0x0008716c    0x7f6a8 ./Core/Src/system_stm32f4xx.o
 .debug_str     0x0008716c       0x89 ./Core/Startup/startup_stm32f411ceux.o
 .debug_str     0x0008716c    0x800d4 ./Drivers/STM32F4xx_HAL_Driver/Src/stm32f4xx_hal.o
 .debug_str     0x0008716c    0x7fe3e ./Drivers/STM32F4xx_HAL_Driver/Src/stm32f4xx_hal_cortex.o
 .debug_str     0x0008716c    0x7f823 ./Drivers/STM32F4xx_HAL_Driver/Src/stm32f4xx_hal_gpio.o
 .debug_str     0x0008716c    0x80174 ./Drivers/STM32F4xx_HAL_Driver/Src/stm32f4xx_hal_pcd.o
 .debug_str     0x0008716c    0x7fa64 ./Drivers/STM32F4xx_HAL_Driver/Src/stm32f4xx_hal_pcd_ex.o
 .debug_str     0x0008716c    0x7fadc ./Drivers/STM32F4xx_HAL_Driver/Src/stm32f4xx_hal_rcc.o
 .debug_str     0x0008716c    0x8004f ./Drivers/STM32F4xx_HAL_Driver/Src/stm32f4xx_ll_usb.o
 .debug_str     0x0008716c    0x84742 ./Middlewares/ST/STM32_USB_Device_Library/Class/CDC/Src/usbd_cdc.o
 .debug_str     0x0008716c    0x8409b ./Middlewares/ST/STM32_USB_Device_Library/Core/Src/usbd_core.o
 .debug_str     0x0008716c    0x83ec6 ./Middlewares/ST/STM32_USB_Device_Library/Core/Src/usbd_ctlreq.o
 .debug_str     0x0008716c    0x83d9b ./Middlewares/ST/STM32_USB_Device_Library/Core/Src/usbd_ioreq.o
 .debug_str     0x0008716c    0x8414e ./USB_DEVICE/App/usb_device.o
 .debug_str     0x0008716c    0x8418e ./USB_DEVICE/App/usbd_cdc_if.o
 .debug_str     0x0008716c    0x83c93 ./USB_DEVICE/App/usbd_desc.o
 .debug_str     0x0008716c    0x84e4a ./USB_DEVICE/Target/usbd_conf.o

.comment        0x00000000       0x43
 .comment       0x00000000       0x43 ./Core/Src/gpio.o
                                 0x44 (size before relaxing)
 .comment       0x00000043       0x44 ./Core/Src/main.o
 .comment       0x00000043       0x44 ./Core/Src/stm32f4xx_hal_msp.o
 .comment       0x00000043       0x44 ./Core/Src/stm32f4xx_it.o
 .comment       0x00000043       0x44 ./Core/Src/system_stm32f4xx.o
 .comment       0x00000043       0x44 ./Drivers/STM32F4xx_HAL_Driver/Src/stm32f4xx_hal.o
 .comment       0x00000043       0x44 ./Drivers/STM32F4xx_HAL_Driver/Src/stm32f4xx_hal_cortex.o
 .comment       0x00000043       0x44 ./Drivers/STM32F4xx_HAL_Driver/Src/stm32f4xx_hal_gpio.o
 .comment       0x00000043       0x44 ./Drivers/STM32F4xx_HAL_Driver/Src/stm32f4xx_hal_pcd.o
 .comment       0x00000043       0x44 ./Drivers/STM32F4xx_HAL_Driver/Src/stm32f4xx_hal_pcd_ex.o
 .comment       0x00000043       0x44 ./Drivers/STM32F4xx_HAL_Driver/Src/stm32f4xx_hal_rcc.o
 .comment       0x00000043       0x44 ./Drivers/STM32F4xx_HAL_Driver/Src/stm32f4xx_ll_usb.o
 .comment       0x00000043       0x44 ./Middlewares/ST/STM32_USB_Device_Library/Class/CDC/Src/usbd_cdc.o
 .comment       0x00000043       0x44 ./Middlewares/ST/STM32_USB_Device_Library/Core/Src/usbd_core.o
 .comment       0x00000043       0x44 ./Middlewares/ST/STM32_USB_Device_Library/Core/Src/usbd_ctlreq.o
 .comment       0x00000043       0x44 ./Middlewares/ST/STM32_USB_Device_Library/Core/Src/usbd_ioreq.o
 .comment       0x00000043       0x44 ./USB_DEVICE/App/usb_device.o
 .comment       0x00000043       0x44 ./USB_DEVICE/App/usbd_cdc_if.o
 .comment       0x00000043       0x44 ./USB_DEVICE/App/usbd_desc.o
 .comment       0x00000043       0x44 ./USB_DEVICE/Target/usbd_conf.o

.debug_frame    0x00000000     0x2d08
 .debug_frame   0x00000000       0x34 ./Core/Src/gpio.o
 .debug_frame   0x00000034       0x94 ./Core/Src/main.o
 .debug_frame   0x000000c8       0x38 ./Core/Src/stm32f4xx_hal_msp.o
 .debug_frame   0x00000100      0x120 ./Core/Src/stm32f4xx_it.o
 .debug_frame   0x00000220       0x58 ./Core/Src/system_stm32f4xx.o
 .debug_frame   0x00000278      0x374 ./Drivers/STM32F4xx_HAL_Driver/Src/stm32f4xx_hal.o
 .debug_frame   0x000005ec      0x508 ./Drivers/STM32F4xx_HAL_Driver/Src/stm32f4xx_hal_cortex.o
 .debug_frame   0x00000af4      0x14c ./Drivers/STM32F4xx_HAL_Driver/Src/stm32f4xx_hal_gpio.o
 .debug_frame   0x00000c40      0x5b8 ./Drivers/STM32F4xx_HAL_Driver/Src/stm32f4xx_hal_pcd.o
 .debug_frame   0x000011f8       0xb0 ./Drivers/STM32F4xx_HAL_Driver/Src/stm32f4xx_hal_pcd_ex.o
 .debug_frame   0x000012a8      0x1f4 ./Drivers/STM32F4xx_HAL_Driver/Src/stm32f4xx_hal_rcc.o
 .debug_frame   0x0000149c      0x7c0 ./Drivers/STM32F4xx_HAL_Driver/Src/stm32f4xx_ll_usb.o
 .debug_frame   0x00001c5c      0x23c ./Middlewares/ST/STM32_USB_Device_Library/Class/CDC/Src/usbd_cdc.o
 .debug_frame   0x00001e98      0x390 ./Middlewares/ST/STM32_USB_Device_Library/Core/Src/usbd_core.o
 .debug_frame   0x00002228      0x23c ./Middlewares/ST/STM32_USB_Device_Library/Core/Src/usbd_ctlreq.o
 .debug_frame   0x00002464      0x10c ./Middlewares/ST/STM32_USB_Device_Library/Core/Src/usbd_ioreq.o
 .debug_frame   0x00002570       0x2c ./USB_DEVICE/App/usb_device.o
 .debug_frame   0x0000259c       0xe4 ./USB_DEVICE/App/usbd_cdc_if.o
 .debug_frame   0x00002680      0x160 ./USB_DEVICE/App/usbd_desc.o
 .debug_frame   0x000027e0      0x47c ./USB_DEVICE/Target/usbd_conf.o
 .debug_frame   0x00002c5c       0x20 C:/ST/STM32CubeIDE_1.18.1/STM32CubeIDE/plugins/com.st.stm32cube.ide.mcu.externaltools.gnu-tools-for-stm32.13.3.rel1.win32_1.0.0.202411081344/tools/bin/../lib/gcc/arm-none-eabi/13.3.1/../../../../arm-none-eabi/lib/thumb/v7e-m+fp/hard\libc_nano.a(libc_a-memset.o)
 .debug_frame   0x00002c7c       0x2c C:/ST/STM32CubeIDE_1.18.1/STM32CubeIDE/plugins/com.st.stm32cube.ide.mcu.externaltools.gnu-tools-for-stm32.13.3.rel1.win32_1.0.0.202411081344/tools/bin/../lib/gcc/arm-none-eabi/13.3.1/../../../../arm-none-eabi/lib/thumb/v7e-m+fp/hard\libc_nano.a(libc_a-init.o)
 .debug_frame   0x00002ca8       0x2c C:/ST/STM32CubeIDE_1.18.1/STM32CubeIDE/plugins/com.st.stm32cube.ide.mcu.externaltools.gnu-tools-for-stm32.13.3.rel1.win32_1.0.0.202411081344/tools/bin/../lib/gcc/arm-none-eabi/13.3.1/thumb/v7e-m+fp/hard\libgcc.a(_aeabi_uldivmod.o)
 .debug_frame   0x00002cd4       0x34 C:/ST/STM32CubeIDE_1.18.1/STM32CubeIDE/plugins/com.st.stm32cube.ide.mcu.externaltools.gnu-tools-for-stm32.13.3.rel1.win32_1.0.0.202411081344/tools/bin/../lib/gcc/arm-none-eabi/13.3.1/thumb/v7e-m+fp/hard\libgcc.a(_udivmoddi4.o)

.debug_line_str
                0x00000000       0x6d
 .debug_line_str
                0x00000000       0x6d ./Core/Startup/startup_stm32f411ceux.o
